Component: ARM Compiler 5.06 update 6 (build 750) Tool: armlink [4d35ed]

==============================================================================

Section Cross References

    main.o(i.VL53L1X_XSHUT) refers to onboardleds.o(i.FlashAllLEDs) for FlashAllLEDs
    main.o(i.VL53L1X_XSHUT) refers to systick.o(i.SysTick_Wait10ms) for SysTick_Wait10ms
    main.o(i.main) refers to _printf_percent.o(.ARM.Collect$$_printf_percent$$00000000) for _printf_percent
    main.o(i.main) refers to _printf_d.o(.ARM.Collect$$_printf_percent$$00000009) for _printf_d
    main.o(i.main) refers to _printf_dec.o(.text) for _printf_int_dec
    main.o(i.main) refers to _printf_x.o(.ARM.Collect$$_printf_percent$$0000000C) for _printf_x
    main.o(i.main) refers to _printf_hex_int.o(.text) for _printf_longlong_hex
    main.o(i.main) refers to _printf_f.o(.ARM.Collect$$_printf_percent$$00000003) for _printf_f
    main.o(i.main) refers to printf1.o(x$fpl$printf1) for _printf_fp_dec
    main.o(i.main) refers to main.o(i.PortL_Init) for PortL_Init
    main.o(i.main) refers to main.o(i.PortM_Init) for PortM_Init
    main.o(i.main) refers to stepper.o(i.PortH_Init) for PortH_Init
    main.o(i.main) refers to pll.o(i.PLL_Init) for PLL_Init
    main.o(i.main) refers to systick.o(i.SysTick_Init) for SysTick_Init
    main.o(i.main) refers to onboardleds.o(i.onboardLEDs_Init) for onboardLEDs_Init
    main.o(i.main) refers to main.o(i.I2C_Init) for I2C_Init
    main.o(i.main) refers to uart.o(i.UART_Init) for UART_Init
    main.o(i.main) refers to uart.o(i.UART_printf) for UART_printf
    main.o(i.main) refers to noretval__2sprintf.o(.text) for __2sprintf
    main.o(i.main) refers to vl53l1_platform.o(i.VL53L1_RdByte) for VL53L1_RdByte
    main.o(i.main) refers to vl53l1_platform.o(i.VL53L1_RdWord) for VL53L1_RdWord
    main.o(i.main) refers to vl53l1x_api.o(i.VL53L1X_GetSensorId) for VL53L1X_GetSensorId
    main.o(i.main) refers to vl53l1x_api.o(i.VL53L1X_BootState) for VL53L1X_BootState
    main.o(i.main) refers to systick.o(i.SysTick_Wait10ms) for SysTick_Wait10ms
    main.o(i.main) refers to onboardleds.o(i.FlashAllLEDs) for FlashAllLEDs
    main.o(i.main) refers to vl53l1x_api.o(i.VL53L1X_ClearInterrupt) for VL53L1X_ClearInterrupt
    main.o(i.main) refers to vl53l1x_api.o(i.VL53L1X_SensorInit) for VL53L1X_SensorInit
    main.o(i.main) refers to uart.o(i.Status_Check) for Status_Check
    main.o(i.main) refers to vl53l1x_api.o(i.VL53L1X_StartRanging) for VL53L1X_StartRanging
    main.o(i.main) refers to stepper.o(i.spin) for spin
    main.o(i.main) refers to onboardleds.o(i.FlashLED2) for FlashLED2
    main.o(i.main) refers to vl53l1x_api.o(i.VL53L1X_CheckForDataReady) for VL53L1X_CheckForDataReady
    main.o(i.main) refers to vl53l1_platform.o(i.VL53L1_WaitMs) for VL53L1_WaitMs
    main.o(i.main) refers to vl53l1x_api.o(i.VL53L1X_GetRangeStatus) for VL53L1X_GetRangeStatus
    main.o(i.main) refers to vl53l1x_api.o(i.VL53L1X_GetDistance) for VL53L1X_GetDistance
    main.o(i.main) refers to dflt_clz.o(x$fpl$dflt) for __aeabi_i2d
    main.o(i.main) refers to dmul.o(x$fpl$dmul) for __aeabi_dmul
    main.o(i.main) refers to d2f.o(x$fpl$d2f) for __aeabi_d2f
    main.o(i.main) refers to f2d.o(x$fpl$f2d) for __aeabi_f2d
    main.o(i.main) refers to sin.o(i.__hardfp_sin) for __hardfp_sin
    main.o(i.main) refers to dflt_clz.o(x$fpl$dfltu) for __aeabi_ui2d
    main.o(i.main) refers to cos.o(i.__hardfp_cos) for __hardfp_cos
    main.o(i.main) refers to main.o(.bss) for printf_buffer
    main.o(i.main) refers to main.o(.data) for dev
    onboardleds.o(i.FlashAllLEDs) refers to systick.o(i.SysTick_Wait10ms) for SysTick_Wait10ms
    onboardleds.o(i.FlashI2CError) refers to onboardleds.o(i.FlashAllLEDs) for FlashAllLEDs
    onboardleds.o(i.FlashI2CRx) refers to onboardleds.o(i.FlashLED2) for FlashLED2
    onboardleds.o(i.FlashI2CTx) refers to onboardleds.o(i.FlashLED2) for FlashLED2
    onboardleds.o(i.FlashLED1) refers to systick.o(i.SysTick_Wait) for SysTick_Wait
    onboardleds.o(i.FlashLED2) refers to systick.o(i.SysTick_Wait) for SysTick_Wait
    onboardleds.o(i.FlashLED3) refers to systick.o(i.SysTick_Wait) for SysTick_Wait
    onboardleds.o(i.FlashLED4) refers to systick.o(i.SysTick_Wait) for SysTick_Wait
    onboardleds.o(i.onboardLEDs_Init) refers to onboardleds.o(i.FlashAllLEDs) for FlashAllLEDs
    stepper.o(i.RotateCCW) refers to systick.o(i.SysTick_Wait) for SysTick_Wait
    stepper.o(i.RotateCW) refers to systick.o(i.SysTick_Wait) for SysTick_Wait
    stepper.o(i.spin) refers to stepper.o(i.RotateCW) for RotateCW
    stepper.o(i.spin) refers to stepper.o(i.RotateCCW) for RotateCCW
    systick.o(i.SysTick_Wait10ms) refers to systick.o(i.SysTick_Wait) for SysTick_Wait
    uart.o(i.Status_Check) refers to _printf_percent.o(.ARM.Collect$$_printf_percent$$00000000) for _printf_percent
    uart.o(i.Status_Check) refers to _printf_d.o(.ARM.Collect$$_printf_percent$$00000009) for _printf_d
[...]
    ../clib/printf.c                         0x00000000   Number         0  _printf_hex_ll.o ABSOLUTE
    ../clib/printf.c                         0x00000000   Number         0  _printf_fp_infnan.o ABSOLUTE
    ../clib/printf.c                         0x00000000   Number         0  _printf_dec.o ABSOLUTE
    ../clib/printf.c                         0x00000000   Number         0  __printf.o ABSOLUTE
    ../clib/printf.c                         0x00000000   Number         0  noretval__2sprintf.o ABSOLUTE
    ../clib/printf.c                         0x00000000   Number         0  __2sprintf.o ABSOLUTE
    ../clib/printf.c                         0x00000000   Number         0  _printf_hex_int_ll.o ABSOLUTE
    ../clib/printf.c                         0x00000000   Number         0  __printf_ss_wp.o ABSOLUTE
    ../clib/printf.c                         0x00000000   Number         0  __printf_nopercent.o ABSOLUTE
    ../clib/printf_percent.s                 0x00000000   Number         0  _printf_x.o ABSOLUTE
    ../clib/printf_percent.s                 0x00000000   Number         0  _printf_f.o ABSOLUTE
    ../clib/printf_percent.s                 0x00000000   Number         0  _printf_percent.o ABSOLUTE
    ../clib/printf_percent.s                 0x00000000   Number         0  _printf_percent_end.o ABSOLUTE
    ../clib/printf_percent.s                 0x00000000   Number         0  _printf_d.o ABSOLUTE
    ../clib/signal.c                         0x00000000   Number         0  defsig_abrt_inner.o ABSOLUTE
    ../clib/signal.c                         0x00000000   Number         0  defsig_fpe_inner.o ABSOLUTE
    ../clib/signal.c                         0x00000000   Number         0  defsig_rtmem_inner.o ABSOLUTE
    ../clib/signal.c                         0x00000000   Number         0  defsig_rtred_inner.o ABSOLUTE
    ../clib/signal.c                         0x00000000   Number         0  defsig_exit.o ABSOLUTE
    ../clib/signal.c                         0x00000000   Number         0  defsig_stak_inner.o ABSOLUTE
    ../clib/signal.c                         0x00000000   Number         0  defsig_pvfn_inner.o ABSOLUTE
    ../clib/signal.c                         0x00000000   Number         0  defsig_cppl_inner.o ABSOLUTE
    ../clib/signal.c                         0x00000000   Number         0  defsig_segv_inner.o ABSOLUTE
    ../clib/signal.c                         0x00000000   Number         0  __raise.o ABSOLUTE
    ../clib/signal.c                         0x00000000   Number         0  defsig_other.o ABSOLUTE
    ../clib/signal.c                         0x00000000   Number         0  defsig_rtmem_formal.o ABSOLUTE
    ../clib/signal.c                         0x00000000   Number         0  defsig_rtmem_outer.o ABSOLUTE
    ../clib/signal.c                         0x00000000   Number         0  defsig_general.o ABSOLUTE
    ../clib/signal.s                         0x00000000   Number         0  defsig.o ABSOLUTE
    ../clib/stdlib.c                         0x00000000   Number         0  exit.o ABSOLUTE
    ../fplib/basic.s                         0x00000000   Number         0  basic.o ABSOLUTE
    ../fplib/d2f.s                           0x00000000   Number         0  d2f.o ABSOLUTE
    ../fplib/daddsub.s                       0x00000000   Number         0  daddsub_clz.o ABSOLUTE
    ../fplib/ddiv.s                          0x00000000   Number         0  ddiv.o ABSOLUTE
    ../fplib/dfix.s                          0x00000000   Number         0  dfix.o ABSOLUTE
    ../fplib/dfixu.s                         0x00000000   Number         0  dfixu.o ABSOLUTE
    ../fplib/dflt.s                          0x00000000   Number         0  dflt_clz.o ABSOLUTE
    ../fplib/dmul.s                          0x00000000   Number         0  dmul.o ABSOLUTE
    ../fplib/dnaninf.s                       0x00000000   Number         0  dnaninf.o ABSOLUTE
    ../fplib/dretinf.s                       0x00000000   Number         0  dretinf.o ABSOLUTE
    ../fplib/f2d.s                           0x00000000   Number         0  f2d.o ABSOLUTE
    ../fplib/fnaninf.s                       0x00000000   Number         0  fnaninf.o ABSOLUTE
    ../fplib/fpinit.s                        0x00000000   Number         0  fpinit.o ABSOLUTE
    ../fplib/fretinf.s                       0x00000000   Number         0  fretinf.o ABSOLUTE
    ../fplib/istatus.s                       0x00000000   Number         0  istatus.o ABSOLUTE
    ../fplib/printf1.s                       0x00000000   Number         0  printf1.o ABSOLUTE
    ../fplib/usenofp.s                       0x00000000   Number         0  usenofp.o ABSOLUTE
    ../mathlib/cos.c                         0x00000000   Number         0  cos_x.o ABSOLUTE
    ../mathlib/cos.c                         0x00000000   Number         0  cos.o ABSOLUTE
    ../mathlib/cos_i.c                       0x00000000   Number         0  cos_i.o ABSOLUTE
    ../mathlib/dunder.c                      0x00000000   Number         0  dunder.o ABSOLUTE
    ../mathlib/fabs.c                        0x00000000   Number         0  fabs.o ABSOLUTE
    ../mathlib/fpclassify.c                  0x00000000   Number         0  fpclassify.o ABSOLUTE
    ../mathlib/poly.c                        0x00000000   Number         0  poly.o ABSOLUTE
    ../mathlib/rred.c                        0x00000000   Number         0  rred.o ABSOLUTE
    ../mathlib/sin.c                         0x00000000   Number         0  sin_x.o ABSOLUTE
    ../mathlib/sin.c                         0x00000000   Number         0  sin.o ABSOLUTE
    ../mathlib/sin_i.c                       0x00000000   Number         0  sin_i_x.o ABSOLUTE
    ../mathlib/sin_i.c                       0x00000000   Number         0  sin_i.o ABSOLUTE
    Main.c                                   0x00000000   Number         0  main.o ABSOLUTE
    PLL.c                                    0x00000000   Number         0  pll.o ABSOLUTE
    RTE\Device\MSP432E401Y\startup_msp432e401y_uvision.s 0x00000000   Number         0  startup_msp432e401y_uvision.o ABSOLUTE
    RTE\Device\MSP432E401Y\system_msp432e401y.c 0x00000000   Number         0  system_msp432e401y.o ABSOLUTE
    RTE\\Device\\MSP432E401Y\\system_msp432e401y.c 0x00000000   Number         0  system_msp432e401y.o ABSOLUTE
    SysTick.c                                0x00000000   Number         0  systick.o ABSOLUTE
    VL53L1X_api.c                            0x00000000   Number         0  vl53l1x_api.o ABSOLUTE
    dc.s                                     0x00000000   Number         0  dc.o ABSOLUTE
    onboardLEDs.c                            0x00000000   Number         0  onboardleds.o ABSOLUTE
    stepper.c                                0x00000000   Number         0  stepper.o ABSOLUTE
    uart.c                                   0x00000000   Number         0  uart.o ABSOLUTE
    vl53l1_platform.c                        0x00000000   Number         0  vl53l1_platform.o ABSOLUTE
    !!!main                                  0x000001fc   Section        8  __main.o(!!!main)
    !!!scatter                               0x00000204   Section       52  __scatter.o(!!!scatter)
    !!handler_copy                           0x00000238   Section       26  __scatter_copy.o(!!handler_copy)
    !!handler_zi                             0x00000254   Section       28  __scatter_zi.o(!!handler_zi)
    .ARM.Collect$$_printf_percent$$00000000  0x00000270   Section        0  _printf_percent.o(.ARM.Collect$$_printf_percent$$00000000)
    .ARM.Collect$$_printf_percent$$00000003  0x00000270   Section        6  _printf_f.o(.ARM.Collect$$_printf_percent$$00000003)
    .ARM.Collect$$_printf_percent$$00000009  0x00000276   Section        6  _printf_d.o(.ARM.Collect$$_printf_percent$$00000009)
    .ARM.Collect$$_printf_percent$$0000000C  0x0000027c   Section        6  _printf_x.o(.ARM.Collect$$_printf_percent$$0000000C)
    .ARM.Collect$$_printf_percent$$00000017  0x00000282   Section        4  _printf_percent_end.o(.ARM.Collect$$_printf_percent$$00000017)
    .ARM.Collect$$libinit$$00000000          0x00000286   Section        2  libinit.o(.ARM.Collect$$libinit$$00000000)
    .ARM.Collect$$libinit$$00000001          0x00000288   Section        4  libinit2.o(.ARM.Collect$$libinit$$00000001)
    .ARM.Collect$$libinit$$00000004          0x0000028c   Section        0  libinit2.o(.ARM.Collect$$libinit$$00000004)
    .ARM.Collect$$libinit$$0000000A          0x0000028c   Section        0  libinit2.o(.ARM.Collect$$libinit$$0000000A)
    .ARM.Collect$$libinit$$0000000C          0x0000028c   Section        0  libinit2.o(.ARM.Collect$$libinit$$0000000C)
    .ARM.Collect$$libinit$$0000000E          0x0000028c   Section        0  libinit2.o(.ARM.Collect$$libinit$$0000000E)
    .ARM.Collect$$libinit$$0000000F          0x0000028c   Section        6  libinit2.o(.ARM.Collect$$libinit$$0000000F)
    .ARM.Collect$$libinit$$00000011          0x00000292   Section        0  libinit2.o(.ARM.Collect$$libinit$$00000011)
    .ARM.Collect$$libinit$$00000013          0x00000292   Section        0  libinit2.o(.ARM.Collect$$libinit$$00000013)
    .ARM.Collect$$libinit$$00000015          0x00000292   Section        0  libinit2.o(.ARM.Collect$$libinit$$00000015)
    .ARM.Collect$$libinit$$00000016          0x00000292   Section       10  libinit2.o(.ARM.Collect$$libinit$$00000016)
    .ARM.Collect$$libinit$$00000017          0x0000029c   Section        0  libinit2.o(.ARM.Collect$$libinit$$00000017)
    .ARM.Collect$$libinit$$00000019          0x0000029c   Section        0  libinit2.o(.ARM.Collect$$libinit$$00000019)
    .ARM.Collect$$libinit$$0000001B          0x0000029c   Section        0  libinit2.o(.ARM.Collect$$libinit$$0000001B)
    .ARM.Collect$$libinit$$0000001D          0x0000029c   Section        0  libinit2.o(.ARM.Collect$$libinit$$0000001D)
    .ARM.Collect$$libinit$$0000001F          0x0000029c   Section        0  libinit2.o(.ARM.Collect$$libinit$$0000001F)
    .ARM.Collect$$libinit$$00000021          0x0000029c   Section        0  libinit2.o(.ARM.Collect$$libinit$$00000021)
    .ARM.Collect$$libinit$$00000023          0x0000029c   Section        0  libinit2.o(.ARM.Collect$$libinit$$00000023)
    .ARM.Collect$$libinit$$00000025          0x0000029c   Section        0  libinit2.o(.ARM.Collect$$libinit$$00000025)
    .ARM.Collect$$libinit$$0000002C          0x0000029c   Section        0  libinit2.o(.ARM.Collect$$libinit$$0000002C)
    .ARM.Collect$$libinit$$0000002E          0x0000029c   Section        0  libinit2.o(.ARM.Collect$$libinit$$0000002E)
    .ARM.Collect$$libinit$$00000030          0x0000029c   Section        0  libinit2.o(.ARM.Collect$$libinit$$00000030)
    .ARM.Collect$$libinit$$00000032          0x0000029c   Section        0  libinit2.o(.ARM.Collect$$libinit$$00000032)
    .ARM.Collect$$libinit$$00000033          0x0000029c   Section        2  libinit2.o(.ARM.Collect$$libinit$$00000033)
    .ARM.Collect$$libshutdown$$00000000      0x0000029e   Section        2  libshutdown.o(.ARM.Collect$$libshutdown$$00000000)
    .ARM.Collect$$libshutdown$$00000002      0x000002a0   Section        0  libshutdown2.o(.ARM.Collect$$libshutdown$$00000002)
    .ARM.Collect$$libshutdown$$00000004      0x000002a0   Section        0  libshutdown2.o(.ARM.Collect$$libshutdown$$00000004)
    .ARM.Collect$$libshutdown$$00000007      0x000002a0   Section        0  libshutdown2.o(.ARM.Collect$$libshutdown$$00000007)
    .ARM.Collect$$libshutdown$$0000000A      0x000002a0   Section        0  libshutdown2.o(.ARM.Collect$$libshutdown$$0000000A)
    .ARM.Collect$$libshutdown$$0000000C      0x000002a0   Section        0  libshutdown2.o(.ARM.Collect$$libshutdown$$0000000C)
    .ARM.Collect$$libshutdown$$0000000F      0x000002a0   Section        0  libshutdown2.o(.ARM.Collect$$libshutdown$$0000000F)
    .ARM.Collect$$libshutdown$$00000010      0x000002a0   Section        2  libshutdown2.o(.ARM.Collect$$libshutdown$$00000010)
    .ARM.Collect$$rtentry$$00000000          0x000002a2   Section        0  __rtentry.o(.ARM.Collect$$rtentry$$00000000)
    .ARM.Collect$$rtentry$$00000002          0x000002a2   Section        0  __rtentry2.o(.ARM.Collect$$rtentry$$00000002)
    .ARM.Collect$$rtentry$$00000004          0x000002a2   Section        6  __rtentry4.o(.ARM.Collect$$rtentry$$00000004)
    .ARM.Collect$$rtentry$$00000009          0x000002a8   Section        0  __rtentry2.o(.ARM.Collect$$rtentry$$00000009)
    .ARM.Collect$$rtentry$$0000000A          0x000002a8   Section        4  __rtentry2.o(.ARM.Collect$$rtentry$$0000000A)
    .ARM.Collect$$rtentry$$0000000C          0x000002ac   Section        0  __rtentry2.o(.ARM.Collect$$rtentry$$0000000C)
    .ARM.Collect$$rtentry$$0000000D          0x000002ac   Section        8  __rtentry2.o(.ARM.Collect$$rtentry$$0000000D)
    .ARM.Collect$$rtexit$$00000000           0x000002b4   Section        2  rtexit.o(.ARM.Collect$$rtexit$$00000000)
    .ARM.Collect$$rtexit$$00000002           0x000002b6   Section        0  rtexit2.o(.ARM.Collect$$rtexit$$00000002)
    .ARM.Collect$$rtexit$$00000003           0x000002b6   Section        4  rtexit2.o(.ARM.Collect$$rtexit$$00000003)
    .ARM.Collect$$rtexit$$00000004           0x000002ba   Section        6  rtexit2.o(.ARM.Collect$$rtexit$$00000004)
    .text                                    0x000002c0   Section       60  startup_msp432e401y_uvision.o(.text)
    $v0                                      0x000002c0   Number         0  startup_msp432e401y_uvision.o(.text)
    .text                                    0x000002fc   Section        0  noretval__2sprintf.o(.text)
    .text                                    0x00000324   Section        0  __printf.o(.text)
    .text                                    0x0000038c   Section        0  _printf_dec.o(.text)
    .text                                    0x00000404   Section        0  _printf_hex_int.o(.text)
    .text                                    0x0000045c   Section        0  heapauxi.o(.text)
    .text                                    0x00000462   Section        0  _rserrno.o(.text)
    .text                                    0x00000478   Section        0  _printf_intcommon.o(.text)
    .text                                    0x0000052a   Section        0  _printf_fp_dec.o(.text)
    _fp_digits                               0x0000052d   Thumb Code   432  _printf_fp_dec.o(.text)
    .text                                    0x00000948   Section        0  _printf_char_common.o(.text)
    _printf_input_char                       0x00000949   Thumb Code    10  _printf_char_common.o(.text)
    .text                                    0x00000978   Section        0  _sputc.o(.text)
    .text                                    0x00000984   Section        8  rt_locale_intlibspace.o(.text)
    .text                                    0x0000098c   Section        8  rt_errno_addr_intlibspace.o(.text)
    .text                                    0x00000994   Section      138  lludiv10.o(.text)
    .text                                    0x00000a20   Section        0  _printf_fp_infnan.o(.text)
    .text                                    0x00000aa0   Section        0  bigflt0.o(.text)
    .text                                    0x00000b84   Section        8  libspace.o(.text)
    .text                                    0x00000b8c   Section       74  sys_stackheap_outer.o(.text)
    .text                                    0x00000bd6   Section        0  exit.o(.text)
    .text                                    0x00000be8   Section      128  strcmpv7m.o(.text)
    .text                                    0x00000c68   Section        0  sys_exit.o(.text)
    .text                                    0x00000c74   Section        2  use_no_semi.o(.text)
    .text                                    0x00000c76   Section        0  indicate_semi.o(.text)
    CL$$btod_d2e                             0x00000c76   Section       62  btod.o(CL$$btod_d2e)
    CL$$btod_d2e_denorm_low                  0x00000cb4   Section       70  btod.o(CL$$btod_d2e_denorm_low)
    CL$$btod_d2e_norm_op1                    0x00000cfa   Section       96  btod.o(CL$$btod_d2e_norm_op1)
    CL$$btod_div_common                      0x00000d5a   Section      824  btod.o(CL$$btod_div_common)
    CL$$btod_e2e                             0x00001092   Section      220  btod.o(CL$$btod_e2e)
    CL$$btod_ediv                            0x0000116e   Section       42  btod.o(CL$$btod_ediv)
    CL$$btod_emul                            0x00001198   Section       42  btod.o(CL$$btod_emul)
    CL$$btod_mult_common                     0x000011c2   Section      580  btod.o(CL$$btod_mult_common)
    i.FlashAllLEDs                           0x00001408   Section        0  onboardleds.o(i.FlashAllLEDs)
    i.FlashI2CError                          0x00001464   Section        0  onboardleds.o(i.FlashI2CError)
    i.FlashI2CRx                             0x00001478   Section        0  onboardleds.o(i.FlashI2CRx)
    i.FlashI2CTx                             0x00001482   Section        0  onboardleds.o(i.FlashI2CTx)
    i.FlashLED2                              0x0000148c   Section        0  onboardleds.o(i.FlashLED2)
    i.I2C_Init                               0x000014d4   Section        0  main.o(i.I2C_Init)
    i.PLL_Init                               0x00001560   Section        0  pll.o(i.PLL_Init)
    i.PortH_Init                             0x0000167c   Section        0  stepper.o(i.PortH_Init)
    i.PortL_Init                             0x000016e0   Section        0  main.o(i.PortL_Init)
    i.PortM_Init                             0x00001720   Section        0  main.o(i.PortM_Init)
    i.RotateCCW                              0x00001758   Section        0  stepper.o(i.RotateCCW)
    i.RotateCW                               0x0000179c   Section        0  stepper.o(i.RotateCW)
    i.Status_Check                           0x000017e0   Section        0  uart.o(i.Status_Check)
    i.SysTick_Init                           0x00001838   Section        0  systick.o(i.SysTick_Init)
    i.SysTick_Wait                           0x00001850   Section        0  systick.o(i.SysTick_Wait)
    i.SysTick_Wait10ms                       0x00001870   Section        0  systick.o(i.SysTick_Wait10ms)
    i.SystemInit                             0x0000188c   Section        0  system_msp432e401y.o(i.SystemInit)
    i.UART_Init                              0x000018ac   Section        0  uart.o(i.UART_Init)
    i.UART_OutChar                           0x00001978   Section        0  uart.o(i.UART_OutChar)
    i.UART_printf                            0x00001990   Section        0  uart.o(i.UART_printf)
    i.VL53L1X_BootState                      0x000019a8   Section        0  vl53l1x_api.o(i.VL53L1X_BootState)
    i.VL53L1X_CheckForDataReady              0x000019ca   Section        0  vl53l1x_api.o(i.VL53L1X_CheckForDataReady)
    i.VL53L1X_ClearInterrupt                 0x00001a08   Section        0  vl53l1x_api.o(i.VL53L1X_ClearInterrupt)
    i.VL53L1X_GetDistance                    0x00001a1e   Section        0  vl53l1x_api.o(i.VL53L1X_GetDistance)
    i.VL53L1X_GetInterruptPolarity           0x00001a3c   Section        0  vl53l1x_api.o(i.VL53L1X_GetInterruptPolarity)
    i.VL53L1X_GetRangeStatus                 0x00001a70   Section        0  vl53l1x_api.o(i.VL53L1X_GetRangeStatus)
    i.VL53L1X_GetSensorId                    0x00001aac   Section        0  vl53l1x_api.o(i.VL53L1X_GetSensorId)
    i.VL53L1X_SensorInit                     0x00001ad0   Section        0  vl53l1x_api.o(i.VL53L1X_SensorInit)
    i.VL53L1X_StartRanging                   0x00001bcc   Section        0  vl53l1x_api.o(i.VL53L1X_StartRanging)
    i.VL53L1X_StopRanging                    0x00001be2   Section        0  vl53l1x_api.o(i.VL53L1X_StopRanging)
    i.VL53L1_RdByte                          0x00001bf8   Section        0  vl53l1_platform.o(i.VL53L1_RdByte)
    i.VL53L1_RdWord                          0x00001c1c   Section        0  vl53l1_platform.o(i.VL53L1_RdWord)
    i.VL53L1_WaitMs                          0x00001c54   Section        0  vl53l1_platform.o(i.VL53L1_WaitMs)
    i.VL53L1_WrByte                          0x00001c74   Section        0  vl53l1_platform.o(i.VL53L1_WrByte)
    i.__ARM_fpclassify                       0x00001c92   Section        0  fpclassify.o(i.__ARM_fpclassify)
    i.__hardfp_cos                           0x00001cc8   Section        0  cos.o(i.__hardfp_cos)
    i.__hardfp_sin                           0x00001d90   Section        0  sin.o(i.__hardfp_sin)
    i.__ieee754_rem_pio2                     0x00001e58   Section        0  rred.o(i.__ieee754_rem_pio2)
    i.__kernel_cos                           0x00002290   Section        0  cos_i.o(i.__kernel_cos)
    i.__kernel_poly                          0x00002400   Section        0  poly.o(i.__kernel_poly)
    i.__kernel_sin                           0x000024f8   Section        0  sin_i.o(i.__kernel_sin)
    i.__mathlib_dbl_infnan                   0x00002628   Section        0  dunder.o(i.__mathlib_dbl_infnan)
    i.__mathlib_dbl_invalid                  0x00002640   Section        0  dunder.o(i.__mathlib_dbl_invalid)
    i.__mathlib_dbl_underflow                0x00002660   Section        0  dunder.o(i.__mathlib_dbl_underflow)
    i.beginRxI2C                             0x00002680   Section        0  vl53l1_platform.o(i.beginRxI2C)
    i.beginTxI2C                             0x0000269c   Section        0  vl53l1_platform.o(i.beginTxI2C)
    i.fabs                                   0x000026b8   Section        0  fabs.o(i.fabs)
    i.main                                   0x000026d0   Section        0  main.o(i.main)
    i.onboardLEDs_Init                       0x00002abc   Section        0  onboardleds.o(i.onboardLEDs_Init)
    i.readI2C                                0x00002b80   Section        0  vl53l1_platform.o(i.readI2C)
    i.spin                                   0x00002bcc   Section        0  stepper.o(i.spin)
    i.writeI2C                               0x00002be0   Section        0  vl53l1_platform.o(i.writeI2C)
    i.writeRegisterIndex                     0x00002c80   Section        0  vl53l1_platform.o(i.writeRegisterIndex)
    i.writeRegisterIndex_nostop              0x00002d08   Section        0  vl53l1_platform.o(i.writeRegisterIndex_nostop)
    locale$$code                             0x00002d90   Section       44  lc_numeric_c.o(locale$$code)
    x$fpl$basic                              0x00002dbc   Section       24  basic.o(x$fpl$basic)
    $v0                                      0x00002dbc   Number         0  basic.o(x$fpl$basic)
    x$fpl$d2f                                0x00002dd4   Section       98  d2f.o(x$fpl$d2f)
    $v0                                      0x00002dd4   Number         0  d2f.o(x$fpl$d2f)
    x$fpl$dadd                               0x00002e38   Section      336  daddsub_clz.o(x$fpl$dadd)
    $v0                                      0x00002e38   Number         0  daddsub_clz.o(x$fpl$dadd)
    _dadd1                                   0x00002e49   Thumb Code     0  daddsub_clz.o(x$fpl$dadd)
    x$fpl$ddiv                               0x00002f88   Section      688  ddiv.o(x$fpl$ddiv)
    $v0                                      0x00002f88   Number         0  ddiv.o(x$fpl$ddiv)
    ddiv_entry                               0x00002f8f   Thumb Code     0  ddiv.o(x$fpl$ddiv)
    x$fpl$dfix                               0x00003238   Section       94  dfix.o(x$fpl$dfix)
    $v0                                      0x00003238   Number         0  dfix.o(x$fpl$dfix)
    x$fpl$dflt                               0x00003296   Section       46  dflt_clz.o(x$fpl$dflt)
    $v0                                      0x00003296   Number         0  dflt_clz.o(x$fpl$dflt)
    x$fpl$dfltu                              0x000032c4   Section       38  dflt_clz.o(x$fpl$dfltu)
    $v0                                      0x000032c4   Number         0  dflt_clz.o(x$fpl$dfltu)
    x$fpl$dmul                               0x000032ec   Section      340  dmul.o(x$fpl$dmul)
    $v0                                      0x000032ec   Number         0  dmul.o(x$fpl$dmul)
    x$fpl$dnaninf                            0x00003440   Section      156  dnaninf.o(x$fpl$dnaninf)
    $v0                                      0x00003440   Number         0  dnaninf.o(x$fpl$dnaninf)
    x$fpl$dretinf                            0x000034dc   Section       12  dretinf.o(x$fpl$dretinf)
    $v0                                      0x000034dc   Number         0  dretinf.o(x$fpl$dretinf)
    x$fpl$drsb                               0x000034e8   Section       22  daddsub_clz.o(x$fpl$drsb)
    $v0                                      0x000034e8   Number         0  daddsub_clz.o(x$fpl$drsb)
    x$fpl$dsub                               0x00003500   Section      468  daddsub_clz.o(x$fpl$dsub)
    $v0                                      0x00003500   Number         0  daddsub_clz.o(x$fpl$dsub)
    _dsub1                                   0x00003511   Thumb Code     0  daddsub_clz.o(x$fpl$dsub)
    x$fpl$f2d                                0x000036d4   Section       86  f2d.o(x$fpl$f2d)
    $v0                                      0x000036d4   Number         0  f2d.o(x$fpl$f2d)
    x$fpl$fnaninf                            0x0000372a   Section      140  fnaninf.o(x$fpl$fnaninf)
    $v0                                      0x0000372a   Number         0  fnaninf.o(x$fpl$fnaninf)
    x$fpl$fpinit                             0x000037b6   Section       10  fpinit.o(x$fpl$fpinit)
    $v0                                      0x000037b6   Number         0  fpinit.o(x$fpl$fpinit)
    x$fpl$fretinf                            0x000037c0   Section       10  fretinf.o(x$fpl$fretinf)
    $v0                                      0x000037c0   Number         0  fretinf.o(x$fpl$fretinf)
    x$fpl$printf1                            0x000037ca   Section        4  printf1.o(x$fpl$printf1)
    $v0                                      0x000037ca   Number         0  printf1.o(x$fpl$printf1)
    .constdata                               0x000037ce   Section      115  vl53l1x_api.o(.constdata)
    x$fpl$usenofp                            0x000037ce   Section        0  usenofp.o(x$fpl$usenofp)
    status_rtn                               0x00003829   Data          24  vl53l1x_api.o(.constdata)
    .constdata                               0x00003841   Section       40  _printf_hex_int.o(.constdata)
    uc_hextab                                0x00003841   Data          20  _printf_hex_int.o(.constdata)
    lc_hextab                                0x00003855   Data          20  _printf_hex_int.o(.constdata)
    .constdata                               0x00003870   Section       48  cos_i.o(.constdata)
    C                                        0x00003870   Data          48  cos_i.o(.constdata)
    .constdata                               0x000038a0   Section      200  rred.o(.constdata)
    pio2s                                    0x000038a0   Data          48  rred.o(.constdata)
    twooverpi                                0x000038d0   Data         152  rred.o(.constdata)
    .constdata                               0x00003968   Section       40  sin_i.o(.constdata)
    S                                        0x00003968   Data          40  sin_i.o(.constdata)
    .constdata                               0x00003990   Section      148  bigflt0.o(.constdata)
    tenpwrs_x                                0x00003990   Data          60  bigflt0.o(.constdata)
    tenpwrs_i                                0x000039cc   Data          64  bigflt0.o(.constdata)
    locale$$data                             0x00003a44   Section       28  lc_numeric_c.o(locale$$data)
    __lcnum_c_name                           0x00003a48   Data           2  lc_numeric_c.o(locale$$data)
    __lcnum_c_start                          0x00003a50   Data           0  lc_numeric_c.o(locale$$data)
    __lcnum_c_point                          0x00003a5c   Data           0  lc_numeric_c.o(locale$$data)
    __lcnum_c_thousands                      0x00003a5e   Data           0  lc_numeric_c.o(locale$$data)
    __lcnum_c_grouping                       0x00003a5f   Data           0  lc_numeric_c.o(locale$$data)
    __lcnum_c_end                            0x00003a60   Data           0  lc_numeric_c.o(locale$$data)
    .data                                    0x20000000   Section       12  main.o(.data)
    .data                                    0x2000000c   Section        4  system_msp432e401y.o(.data)
    .bss                                     0x20000010   Section     1224  main.o(.bss)
    printf_buffer                            0x20000010   Data        1023  main.o(.bss)
    .bss                                     0x200004d8   Section     1023  uart.o(.bss)
    printf_buffer                            0x200004d8   Data        1023  uart.o(.bss)
    .bss                                     0x200008d8   Section       96  libspace.o(.bss)
    HEAP                                     0x20000938   Section        0  startup_msp432e401y_uvision.o(HEAP)
    STACK                                    0x20000938   Section      512  startup_msp432e401y_uvision.o(STACK)
    Heap_Mem                                 0x20000938   Data           0  startup_msp432e401y_uvision.o(HEAP)
    Stack_Mem                                0x20000938   Data         512  startup_msp432e401y_uvision.o(STACK)
    __initial_sp                             0x20000b38   Data           0  startup_msp432e401y_uvision.o(STACK)

    Global Symbols

    Symbol Name                              Value     Ov Type        Size  Object(Section)

    BuildAttributes$$THM_ISAv4$E$P$D$K$B$S$7EM$VFPi3$EXTD16$VFPS$VFMA$PE$A:L22UL41UL21$X:L11$S22US41US21$IEEE1$IW$USESV6$~STKCKD$USESV7$~SHL$OTIME$ROPI$IEEEX$EBA8$UX$STANDARDLIB$REQ8$PRES8$EABIv2 0x00000000   Number         0  anon$$obj.o ABSOLUTE
    __ARM_use_no_argv                        0x00000000   Number         0  main.o ABSOLUTE
    __Vectors                                0x00000000   Data           4  startup_msp432e401y_uvision.o(RESET)
    __ARM_exceptions_init                     - Undefined Weak Reference
    __alloca_initialize                       - Undefined Weak Reference
    __arm_preinit_                            - Undefined Weak Reference
    __cpp_initialize__aeabi_                  - Undefined Weak Reference
    __cxa_finalize                            - Undefined Weak Reference
    __sigvec_lookup                           - Undefined Weak Reference
    _atexit_init                              - Undefined Weak Reference
    _call_atexit_fns                          - Undefined Weak Reference
    _clock_init                               - Undefined Weak Reference
    _fp_trap_init                             - Undefined Weak Reference
    _fp_trap_shutdown                         - Undefined Weak Reference
    _get_lc_collate                           - Undefined Weak Reference
    _get_lc_ctype                             - Undefined Weak Reference
    _get_lc_monetary                          - Undefined Weak Reference
    _get_lc_time                              - Undefined Weak Reference
    _getenv_init                              - Undefined Weak Reference
    _handle_redirection                       - Undefined Weak Reference
    _init_alloc                               - Undefined Weak Reference
    _init_user_alloc                          - Undefined Weak Reference
    _initio                                   - Undefined Weak Reference
    _printf_post_padding                      - Undefined Weak Reference
    _printf_pre_padding                       - Undefined Weak Reference
    _printf_truncate_signed                   - Undefined Weak Reference
    _printf_truncate_unsigned                 - Undefined Weak Reference
    _rand_init                                - Undefined Weak Reference
    _signal_finish                            - Undefined Weak Reference
    _signal_init                              - Undefined Weak Reference
    _terminate_alloc                          - Undefined Weak Reference
    _terminate_user_alloc                     - Undefined Weak Reference
    _terminateio                              - Undefined Weak Reference
    __Vectors_End                            0x000001fc   Data           0  startup_msp432e401y_uvision.o(RESET)
    __Vectors_Size                           0x000001fc   Number         0  startup_msp432e401y_uvision.o ABSOLUTE
    __main                                   0x000001fd   Thumb Code     8  __main.o(!!!main)
    __scatterload                            0x00000205   Thumb Code     0  __scatter.o(!!!scatter)
    __scatterload_rt2                        0x00000205   Thumb Code    44  __scatter.o(!!!scatter)
    __scatterload_rt2_thumb_only             0x00000205   Thumb Code     0  __scatter.o(!!!scatter)
    __scatterload_null                       0x00000213   Thumb Code     0  __scatter.o(!!!scatter)
    __scatterload_copy                       0x00000239   Thumb Code    26  __scatter_copy.o(!!handler_copy)
    __scatterload_zeroinit                   0x00000255   Thumb Code    28  __scatter_zi.o(!!handler_zi)
    _printf_f                                0x00000271   Thumb Code     0  _printf_f.o(.ARM.Collect$$_printf_percent$$00000003)
    _printf_percent                          0x00000271   Thumb Code     0  _printf_percent.o(.ARM.Collect$$_printf_percent$$00000000)
    _printf_d                                0x00000277   Thumb Code     0  _printf_d.o(.ARM.Collect$$_printf_percent$$00000009)
    _printf_x                                0x0000027d   Thumb Code     0  _printf_x.o(.ARM.Collect$$_printf_percent$$0000000C)
    _printf_percent_end                      0x00000283   Thumb Code     0  _printf_percent_end.o(.ARM.Collect$$_printf_percent$$00000017)
    __rt_lib_init                            0x00000287   Thumb Code     0  libinit.o(.ARM.Collect$$libinit$$00000000)
    __rt_lib_init_fp_1                       0x00000289   Thumb Code     0  libinit2.o(.ARM.Collect$$libinit$$00000001)
    __rt_lib_init_heap_1                     0x0000028d   Thumb Code     0  libinit2.o(.ARM.Collect$$libinit$$0000000A)
    __rt_lib_init_lc_common                  0x0000028d   Thumb Code     0  libinit2.o(.ARM.Collect$$libinit$$0000000F)
    __rt_lib_init_preinit_1                  0x0000028d   Thumb Code     0  libinit2.o(.ARM.Collect$$libinit$$00000004)
    __rt_lib_init_rand_1                     0x0000028d   Thumb Code     0  libinit2.o(.ARM.Collect$$libinit$$0000000E)
    __rt_lib_init_user_alloc_1               0x0000028d   Thumb Code     0  libinit2.o(.ARM.Collect$$libinit$$0000000C)
    __rt_lib_init_lc_collate_1               0x00000293   Thumb Code     0  libinit2.o(.ARM.Collect$$libinit$$00000011)
    __rt_lib_init_lc_ctype_1                 0x00000293   Thumb Code     0  libinit2.o(.ARM.Collect$$libinit$$00000013)
    __rt_lib_init_lc_monetary_1              0x00000293   Thumb Code     0  libinit2.o(.ARM.Collect$$libinit$$00000015)
    __rt_lib_init_lc_numeric_2               0x00000293   Thumb Code     0  libinit2.o(.ARM.Collect$$libinit$$00000016)
    __rt_lib_init_alloca_1                   0x0000029d   Thumb Code     0  libinit2.o(.ARM.Collect$$libinit$$0000002E)
    __rt_lib_init_argv_1                     0x0000029d   Thumb Code     0  libinit2.o(.ARM.Collect$$libinit$$0000002C)
    __rt_lib_init_atexit_1                   0x0000029d   Thumb Code     0  libinit2.o(.ARM.Collect$$libinit$$0000001B)
    __rt_lib_init_clock_1                    0x0000029d   Thumb Code     0  libinit2.o(.ARM.Collect$$libinit$$00000021)
    __rt_lib_init_cpp_1                      0x0000029d   Thumb Code     0  libinit2.o(.ARM.Collect$$libinit$$00000032)
    __rt_lib_init_exceptions_1               0x0000029d   Thumb Code     0  libinit2.o(.ARM.Collect$$libinit$$00000030)
    __rt_lib_init_fp_trap_1                  0x0000029d   Thumb Code     0  libinit2.o(.ARM.Collect$$libinit$$0000001F)
    __rt_lib_init_getenv_1                   0x0000029d   Thumb Code     0  libinit2.o(.ARM.Collect$$libinit$$00000023)
    __rt_lib_init_lc_numeric_1               0x0000029d   Thumb Code     0  libinit2.o(.ARM.Collect$$libinit$$00000017)
    __rt_lib_init_lc_time_1                  0x0000029d   Thumb Code     0  libinit2.o(.ARM.Collect$$libinit$$00000019)
    __rt_lib_init_return                     0x0000029d   Thumb Code     0  libinit2.o(.ARM.Collect$$libinit$$00000033)
    __rt_lib_init_signal_1                   0x0000029d   Thumb Code     0  libinit2.o(.ARM.Collect$$libinit$$0000001D)
    __rt_lib_init_stdio_1                    0x0000029d   Thumb Code     0  libinit2.o(.ARM.Collect$$libinit$$00000025)
    __rt_lib_shutdown                        0x0000029f   Thumb Code     0  libshutdown.o(.ARM.Collect$$libshutdown$$00000000)
    __rt_lib_shutdown_cpp_1                  0x000002a1   Thumb Code     0  libshutdown2.o(.ARM.Collect$$libshutdown$$00000002)
    __rt_lib_shutdown_fp_trap_1              0x000002a1   Thumb Code     0  libshutdown2.o(.ARM.Collect$$libshutdown$$00000007)
    __rt_lib_shutdown_heap_1                 0x000002a1   Thumb Code     0  libshutdown2.o(.ARM.Collect$$libshutdown$$0000000F)
    __rt_lib_shutdown_return                 0x000002a1   Thumb Code     0  libshutdown2.o(.ARM.Collect$$libshutdown$$00000010)
    __rt_lib_shutdown_signal_1               0x000002a1   Thumb Code     0  libshutdown2.o(.ARM.Collect$$libshutdown$$0000000A)
    __rt_lib_shutdown_stdio_1                0x000002a1   Thumb Code     0  libshutdown2.o(.ARM.Collect$$libshutdown$$00000004)
    __rt_lib_shutdown_user_alloc_1           0x000002a1   Thumb Code     0  libshutdown2.o(.ARM.Collect$$libshutdown$$0000000C)
    __rt_entry                               0x000002a3   Thumb Code     0  __rtentry.o(.ARM.Collect$$rtentry$$00000000)
    __rt_entry_presh_1                       0x000002a3   Thumb Code     0  __rtentry2.o(.ARM.Collect$$rtentry$$00000002)
    __rt_entry_sh                            0x000002a3   Thumb Code     0  __rtentry4.o(.ARM.Collect$$rtentry$$00000004)
    __rt_entry_li                            0x000002a9   Thumb Code     0  __rtentry2.o(.ARM.Collect$$rtentry$$0000000A)
    __rt_entry_postsh_1                      0x000002a9   Thumb Code     0  __rtentry2.o(.ARM.Collect$$rtentry$$00000009)
    __rt_entry_main                          0x000002ad   Thumb Code     0  __rtentry2.o(.ARM.Collect$$rtentry$$0000000D)
    __rt_entry_postli_1                      0x000002ad   Thumb Code     0  __rtentry2.o(.ARM.Collect$$rtentry$$0000000C)
    __rt_exit                                0x000002b5   Thumb Code     0  rtexit.o(.ARM.Collect$$rtexit$$00000000)
    __rt_exit_ls                             0x000002b7   Thumb Code     0  rtexit2.o(.ARM.Collect$$rtexit$$00000003)
    __rt_exit_prels_1                        0x000002b7   Thumb Code     0  rtexit2.o(.ARM.Collect$$rtexit$$00000002)
    __rt_exit_exit                           0x000002bb   Thumb Code     0  rtexit2.o(.ARM.Collect$$rtexit$$00000004)
    Reset_Handler                            0x000002c1   Thumb Code     8  startup_msp432e401y_uvision.o(.text)
    NMI_Handler                              0x000002c9   Thumb Code     2  startup_msp432e401y_uvision.o(.text)
    HardFault_Handler                        0x000002cb   Thumb Code     2  startup_msp432e401y_uvision.o(.text)
    MemManage_Handler                        0x000002cd   Thumb Code     2  startup_msp432e401y_uvision.o(.text)
    BusFault_Handler                         0x000002cf   Thumb Code     2  startup_msp432e401y_uvision.o(.text)
    UsageFault_Handler                       0x000002d1   Thumb Code     2  startup_msp432e401y_uvision.o(.text)
    SVC_Handler                              0x000002d3   Thumb Code     2  startup_msp432e401y_uvision.o(.text)
    DebugMon_Handler                         0x000002d5   Thumb Code     2  startup_msp432e401y_uvision.o(.text)
    PendSV_Handler                           0x000002d7   Thumb Code     2  startup_msp432e401y_uvision.o(.text)
    SysTick_Handler                          0x000002d9   Thumb Code     2  startup_msp432e401y_uvision.o(.text)
    ADC0SS0_IRQHandler                       0x000002db   Thumb Code     0  startup_msp432e401y_uvision.o(.text)
    ADC0SS1_IRQHandler                       0x000002db   Thumb Code     0  startup_msp432e401y_uvision.o(.text)
    ADC0SS2_IRQHandler                       0x000002db   Thumb Code     0  startup_msp432e401y_uvision.o(.text)
    ADC0SS3_IRQHandler                       0x000002db   Thumb Code     0  startup_msp432e401y_uvision.o(.text)
    ADC1SS0_IRQHandler                       0x000002db   Thumb Code     0  startup_msp432e401y_uvision.o(.text)
    ADC1SS1_IRQHandler                       0x000002db   Thumb Code     0  startup_msp432e401y_uvision.o(.text)
    ADC1SS2_IRQHandler                       0x000002db   Thumb Code     0  startup_msp432e401y_uvision.o(.text)
    ADC1SS3_IRQHandler                       0x000002db   Thumb Code     0  startup_msp432e401y_uvision.o(.text)
    AES0_IRQHandler                          0x000002db   Thumb Code     0  startup_msp432e401y_uvision.o(.text)
    CAN0_IRQHandler                          0x000002db   Thumb Code     0  startup_msp432e401y_uvision.o(.text)
    CAN1_IRQHandler                          0x000002db   Thumb Code     0  startup_msp432e401y_uvision.o(.text)
    COMP0_IRQHandler                         0x000002db   Thumb Code     0  startup_msp432e401y_uvision.o(.text)
    COMP1_IRQHandler                         0x000002db   Thumb Code     0  startup_msp432e401y_uvision.o(.text)
    COMP2_IRQHandler                         0x000002db   Thumb Code     0  startup_msp432e401y_uvision.o(.text)
    DES0_IRQHandler                          0x000002db   Thumb Code     0  startup_msp432e401y_uvision.o(.text)
    EMAC0_IRQHandler                         0x000002db   Thumb Code     0  startup_msp432e401y_uvision.o(.text)
    EPI0_IRQHandler                          0x000002db   Thumb Code     0  startup_msp432e401y_uvision.o(.text)
    FLASH_IRQHandler                         0x000002db   Thumb Code     0  startup_msp432e401y_uvision.o(.text)
    GPIOA_IRQHandler                         0x000002db   Thumb Code     0  startup_msp432e401y_uvision.o(.text)
    GPIOB_IRQHandler                         0x000002db   Thumb Code     0  startup_msp432e401y_uvision.o(.text)
    GPIOC_IRQHandler                         0x000002db   Thumb Code     0  startup_msp432e401y_uvision.o(.text)
    GPIOD_IRQHandler                         0x000002db   Thumb Code     0  startup_msp432e401y_uvision.o(.text)
    GPIOE_IRQHandler                         0x000002db   Thumb Code     0  startup_msp432e401y_uvision.o(.text)
    GPIOF_IRQHandler                         0x000002db   Thumb Code     0  startup_msp432e401y_uvision.o(.text)
    GPIOG_IRQHandler                         0x000002db   Thumb Code     0  startup_msp432e401y_uvision.o(.text)
    GPIOH_IRQHandler                         0x000002db   Thumb Code     0  startup_msp432e401y_uvision.o(.text)
    GPIOJ_IRQHandler                         0x000002db   Thumb Code     0  startup_msp432e401y_uvision.o(.text)
    GPIOK_IRQHandler                         0x000002db   Thumb Code     0  startup_msp432e401y_uvision.o(.text)
    GPIOL_IRQHandler                         0x000002db   Thumb Code     0  startup_msp432e401y_uvision.o(.text)
    GPIOM_IRQHandler                         0x000002db   Thumb Code     0  startup_msp432e401y_uvision.o(.text)
    GPION_IRQHandler                         0x000002db   Thumb Code     0  startup_msp432e401y_uvision.o(.text)
    GPIOP0_IRQHandler                        0x000002db   Thumb Code     0  startup_msp432e401y_uvision.o(.text)
    GPIOP1_IRQHandler                        0x000002db   Thumb Code     0  startup_msp432e401y_uvision.o(.text)
    GPIOP2_IRQHandler                        0x000002db   Thumb Code     0  startup_msp432e401y_uvision.o(.text)
    GPIOP3_IRQHandler                        0x000002db   Thumb Code     0  startup_msp432e401y_uvision.o(.text)
    GPIOP4_IRQHandler                        0x000002db   Thumb Code     0  startup_msp432e401y_uvision.o(.text)
    GPIOP5_IRQHandler                        0x000002db   Thumb Code     0  startup_msp432e401y_uvision.o(.text)
    GPIOP6_IRQHandler                        0x000002db   Thumb Code     0  startup_msp432e401y_uvision.o(.text)
    GPIOP7_IRQHandler                        0x000002db   Thumb Code     0  startup_msp432e401y_uvision.o(.text)
    GPIOQ0_IRQHandler                        0x000002db   Thumb Code     0  startup_msp432e401y_uvision.o(.text)
    GPIOQ1_IRQHandler                        0x000002db   Thumb Code     0  startup_msp432e401y_uvision.o(.text)
    GPIOQ2_IRQHandler                        0x000002db   Thumb Code     0  startup_msp432e401y_uvision.o(.text)
    GPIOQ3_IRQHandler                        0x000002db   Thumb Code     0  startup_msp432e401y_uvision.o(.text)
    GPIOQ4_IRQHandler                        0x000002db   Thumb Code     0  startup_msp432e401y_uvision.o(.text)
    GPIOQ5_IRQHandler                        0x000002db   Thumb Code     0  startup_msp432e401y_uvision.o(.text)
    GPIOQ6_IRQHandler                        0x000002db   Thumb Code     0  startup_msp432e401y_uvision.o(.text)
    GPIOQ7_IRQHandler                        0x000002db   Thumb Code     0  startup_msp432e401y_uvision.o(.text)
    HIBERNATE_IRQHandler                     0x000002db   Thumb Code     0  startup_msp432e401y_uvision.o(.text)
    I2C0_IRQHandler                          0x000002db   Thumb Code     0  startup_msp432e401y_uvision.o(.text)
    I2C1_IRQHandler                          0x000002db   Thumb Code     0  startup_msp432e401y_uvision.o(.text)
    I2C2_IRQHandler                          0x000002db   Thumb Code     0  startup_msp432e401y_uvision.o(.text)
    I2C3_IRQHandler                          0x000002db   Thumb Code     0  startup_msp432e401y_uvision.o(.text)
    I2C4_IRQHandler                          0x000002db   Thumb Code     0  startup_msp432e401y_uvision.o(.text)
    I2C5_IRQHandler                          0x000002db   Thumb Code     0  startup_msp432e401y_uvision.o(.text)
    I2C6_IRQHandler                          0x000002db   Thumb Code     0  startup_msp432e401y_uvision.o(.text)
    I2C7_IRQHandler                          0x000002db   Thumb Code     0  startup_msp432e401y_uvision.o(.text)
    I2C8_IRQHandler                          0x000002db   Thumb Code     0  startup_msp432e401y_uvision.o(.text)
    I2C9_IRQHandler                          0x000002db   Thumb Code     0  startup_msp432e401y_uvision.o(.text)
    PWM0_0_IRQHandler                        0x000002db   Thumb Code     0  startup_msp432e401y_uvision.o(.text)
    PWM0_1_IRQHandler                        0x000002db   Thumb Code     0  startup_msp432e401y_uvision.o(.text)
    PWM0_2_IRQHandler                        0x000002db   Thumb Code     0  startup_msp432e401y_uvision.o(.text)
    PWM0_3_IRQHandler                        0x000002db   Thumb Code     0  startup_msp432e401y_uvision.o(.text)
    PWM0_FAULT_IRQHandler                    0x000002db   Thumb Code     0  startup_msp432e401y_uvision.o(.text)
    QEI0_IRQHandler                          0x000002db   Thumb Code     0  startup_msp432e401y_uvision.o(.text)
    SHA0_IRQHandler                          0x000002db   Thumb Code     0  startup_msp432e401y_uvision.o(.text)
    SSI0_IRQHandler                          0x000002db   Thumb Code     0  startup_msp432e401y_uvision.o(.text)
    SSI1_IRQHandler                          0x000002db   Thumb Code     0  startup_msp432e401y_uvision.o(.text)
    SSI2_IRQHandler                          0x000002db   Thumb Code     0  startup_msp432e401y_uvision.o(.text)
    SSI3_IRQHandler                          0x000002db   Thumb Code     0  startup_msp432e401y_uvision.o(.text)
    SYSCTL_IRQHandler                        0x000002db   Thumb Code     0  startup_msp432e401y_uvision.o(.text)
    SYSEXC_IRQHandler                        0x000002db   Thumb Code     0  startup_msp432e401y_uvision.o(.text)
    TAMPER0_IRQHandler                       0x000002db   Thumb Code     0  startup_msp432e401y_uvision.o(.text)
    TIMER0A_IRQHandler                       0x000002db   Thumb Code     0  startup_msp432e401y_uvision.o(.text)
    TIMER0B_IRQHandler                       0x000002db   Thumb Code     0  startup_msp432e401y_uvision.o(.text)
    TIMER1A_IRQHandler                       0x000002db   Thumb Code     0  startup_msp432e401y_uvision.o(.text)
    TIMER1B_IRQHandler                       0x000002db   Thumb Code     0  startup_msp432e401y_uvision.o(.text)
    TIMER2A_IRQHandler                       0x000002db   Thumb Code     0  startup_msp432e401y_uvision.o(.text)
    TIMER2B_IRQHandler                       0x000002db   Thumb Code     0  startup_msp432e401y_uvision.o(.text)
    TIMER3A_IRQHandler                       0x000002db   Thumb Code     0  startup_msp432e401y_uvision.o(.text)
    TIMER3B_IRQHandler                       0x000002db   Thumb Code     0  startup_msp432e401y_uvision.o(.text)
    TIMER4A_IRQHandler                       0x000002db   Thumb Code     0  startup_msp432e401y_uvision.o(.text)
    TIMER4B_IRQHandler                       0x000002db   Thumb Code     0  startup_msp432e401y_uvision.o(.text)
    TIMER5A_IRQHandler                       0x000002db   Thumb Code     0  startup_msp432e401y_uvision.o(.text)
    TIMER5B_IRQHandler                       0x000002db   Thumb Code     0  startup_msp432e401y_uvision.o(.text)
    TIMER6A_IRQHandler                       0x000002db   Thumb Code     0  startup_msp432e401y_uvision.o(.text)
    TIMER6B_IRQHandler                       0x000002db   Thumb Code     0  startup_msp432e401y_uvision.o(.text)
    TIMER7A_IRQHandler                       0x000002db   Thumb Code     0  startup_msp432e401y_uvision.o(.text)
    TIMER7B_IRQHandler                       0x000002db   Thumb Code     0  startup_msp432e401y_uvision.o(.text)
    UART0_IRQHandler                         0x000002db   Thumb Code     0  startup_msp432e401y_uvision.o(.text)
    UART1_IRQHandler                         0x000002db   Thumb Code     0  startup_msp432e401y_uvision.o(.text)
    UART2_IRQHandler                         0x000002db   Thumb Code     0  startup_msp432e401y_uvision.o(.text)
    UART3_IRQHandler                         0x000002db   Thumb Code     0  startup_msp432e401y_uvision.o(.text)
    UART4_IRQHandler                         0x000002db   Thumb Code     0  startup_msp432e401y_uvision.o(.text)
    UART5_IRQHandler                         0x000002db   Thumb Code     0  startup_msp432e401y_uvision.o(.text)
    UART6_IRQHandler                         0x000002db   Thumb Code     0  startup_msp432e401y_uvision.o(.text)
    UART7_IRQHandler                         0x000002db   Thumb Code     0  startup_msp432e401y_uvision.o(.text)
    UDMAERR_IRQHandler                       0x000002db   Thumb Code     0  startup_msp432e401y_uvision.o(.text)
    UDMA_IRQHandler                          0x000002db   Thumb Code     0  startup_msp432e401y_uvision.o(.text)
    USB0_IRQHandler                          0x000002db   Thumb Code     0  startup_msp432e401y_uvision.o(.text)
    WATCHDOG_IRQHandler                      0x000002db   Thumb Code     0  startup_msp432e401y_uvision.o(.text)
    __user_initial_stackheap                 0x000002dd   Thumb Code    10  startup_msp432e401y_uvision.o(.text)
    __2sprintf                               0x000002fd   Thumb Code    34  noretval__2sprintf.o(.text)
    __printf                                 0x00000325   Thumb Code   104  __printf.o(.text)
    _printf_int_dec                          0x0000038d   Thumb Code   104  _printf_dec.o(.text)
    _printf_int_hex                          0x00000405   Thumb Code    84  _printf_hex_int.o(.text)
    _printf_longlong_hex                     0x00000405   Thumb Code     0  _printf_hex_int.o(.text)
    __use_two_region_memory                  0x0000045d   Thumb Code     2  heapauxi.o(.text)
    __rt_heap_escrow$2region                 0x0000045f   Thumb Code     2  heapauxi.o(.text)
    __rt_heap_expand$2region                 0x00000461   Thumb Code     2  heapauxi.o(.text)
    __read_errno                             0x00000463   Thumb Code    10  _rserrno.o(.text)
    __set_errno                              0x0000046d   Thumb Code    12  _rserrno.o(.text)
    _printf_int_common                       0x00000479   Thumb Code   178  _printf_intcommon.o(.text)
    __lib_sel_fp_printf                      0x0000052b   Thumb Code     2  _printf_fp_dec.o(.text)
    _printf_fp_dec_real                      0x000006dd   Thumb Code   620  _printf_fp_dec.o(.text)
    _printf_char_common                      0x00000953   Thumb Code    32  _printf_char_common.o(.text)
    _sputc                                   0x00000979   Thumb Code    10  _sputc.o(.text)
    __rt_locale                              0x00000985   Thumb Code     8  rt_locale_intlibspace.o(.text)
    __aeabi_errno_addr                       0x0000098d   Thumb Code     8  rt_errno_addr_intlibspace.o(.text)
    __errno$intlibspace                      0x0000098d   Thumb Code     0  rt_errno_addr_intlibspace.o(.text)
    __rt_errno_addr$intlibspace              0x0000098d   Thumb Code     0  rt_errno_addr_intlibspace.o(.text)
    _ll_udiv10                               0x00000995   Thumb Code   138  lludiv10.o(.text)
    _printf_fp_infnan                        0x00000a21   Thumb Code   112  _printf_fp_infnan.o(.text)
    _btod_etento                             0x00000aa1   Thumb Code   224  bigflt0.o(.text)
    __user_libspace                          0x00000b85   Thumb Code     8  libspace.o(.text)
    __user_perproc_libspace                  0x00000b85   Thumb Code     0  libspace.o(.text)
    __user_perthread_libspace                0x00000b85   Thumb Code     0  libspace.o(.text)
    __user_setup_stackheap                   0x00000b8d   Thumb Code    74  sys_stackheap_outer.o(.text)
    exit                                     0x00000bd7   Thumb Code    18  exit.o(.text)
    strcmp                                   0x00000be9   Thumb Code   128  strcmpv7m.o(.text)
    _sys_exit                                0x00000c69   Thumb Code     8  sys_exit.o(.text)
    __I$use$semihosting                      0x00000c75   Thumb Code     0  use_no_semi.o(.text)
    __use_no_semihosting_swi                 0x00000c75   Thumb Code     2  use_no_semi.o(.text)
    __semihosting_library_function           0x00000c77   Thumb Code     0  indicate_semi.o(.text)
    _btod_d2e                                0x00000c77   Thumb Code    62  btod.o(CL$$btod_d2e)
    _d2e_denorm_low                          0x00000cb5   Thumb Code    70  btod.o(CL$$btod_d2e_denorm_low)
    _d2e_norm_op1                            0x00000cfb   Thumb Code    96  btod.o(CL$$btod_d2e_norm_op1)
    __btod_div_common                        0x00000d5b   Thumb Code   696  btod.o(CL$$btod_div_common)
    _e2e                                     0x00001093   Thumb Code   220  btod.o(CL$$btod_e2e)
    _btod_ediv                               0x0000116f   Thumb Code    42  btod.o(CL$$btod_ediv)
    _btod_emul                               0x00001199   Thumb Code    42  btod.o(CL$$btod_emul)
    __btod_mult_common                       0x000011c3   Thumb Code   580  btod.o(CL$$btod_mult_common)
    FlashAllLEDs                             0x00001409   Thumb Code    78  onboardleds.o(i.FlashAllLEDs)
    FlashI2CError                            0x00001465   Thumb Code    20  onboardleds.o(i.FlashI2CError)
    FlashI2CRx                               0x00001479   Thumb Code    10  onboardleds.o(i.FlashI2CRx)
    FlashI2CTx                               0x00001483   Thumb Code    10  onboardleds.o(i.FlashI2CTx)
    FlashLED2                                0x0000148d   Thumb Code    62  onboardleds.o(i.FlashLED2)
    I2C_Init                                 0x000014d5   Thumb Code   114  main.o(i.I2C_Init)
    PLL_Init                                 0x00001561   Thumb Code   272  pll.o(i.PLL_Init)
    PortH_Init                               0x0000167d   Thumb Code    84  stepper.o(i.PortH_Init)
    PortL_Init                               0x000016e1   Thumb Code    46  main.o(i.PortL_Init)
    PortM_Init                               0x00001721   Thumb Code    40  main.o(i.PortM_Init)
    RotateCCW                                0x00001759   Thumb Code    56  stepper.o(i.RotateCCW)
    RotateCW                                 0x0000179d   Thumb Code    56  stepper.o(i.RotateCW)
    Status_Check                             0x000017e1   Thumb Code    46  uart.o(i.Status_Check)
    SysTick_Init                             0x00001839   Thumb Code    24  systick.o(i.SysTick_Init)
    SysTick_Wait                             0x00001851   Thumb Code    32  systick.o(i.SysTick_Wait)
    SysTick_Wait10ms                         0x00001871   Thumb Code    22  systick.o(i.SysTick_Wait10ms)
    SystemInit                               0x0000188d   Thumb Code    20  system_msp432e401y.o(i.SystemInit)
    UART_Init                                0x000018ad   Thumb Code   172  uart.o(i.UART_Init)
    UART_OutChar                             0x00001979   Thumb Code    20  uart.o(i.UART_OutChar)
    UART_printf                              0x00001991   Thumb Code    24  uart.o(i.UART_printf)
    VL53L1X_BootState                        0x000019a9   Thumb Code    34  vl53l1x_api.o(i.VL53L1X_BootState)
    VL53L1X_CheckForDataReady                0x000019cb   Thumb Code    62  vl53l1x_api.o(i.VL53L1X_CheckForDataReady)
    VL53L1X_ClearInterrupt                   0x00001a09   Thumb Code    22  vl53l1x_api.o(i.VL53L1X_ClearInterrupt)
    VL53L1X_GetDistance                      0x00001a1f   Thumb Code    30  vl53l1x_api.o(i.VL53L1X_GetDistance)
    VL53L1X_GetInterruptPolarity             0x00001a3d   Thumb Code    50  vl53l1x_api.o(i.VL53L1X_GetInterruptPolarity)
    VL53L1X_GetRangeStatus                   0x00001a71   Thumb Code    56  vl53l1x_api.o(i.VL53L1X_GetRangeStatus)
    VL53L1X_GetSensorId                      0x00001aad   Thumb Code    36  vl53l1x_api.o(i.VL53L1X_GetSensorId)
    VL53L1X_SensorInit                       0x00001ad1   Thumb Code   174  vl53l1x_api.o(i.VL53L1X_SensorInit)
    VL53L1X_StartRanging                     0x00001bcd   Thumb Code    22  vl53l1x_api.o(i.VL53L1X_StartRanging)
    VL53L1X_StopRanging                      0x00001be3   Thumb Code    22  vl53l1x_api.o(i.VL53L1X_StopRanging)
    VL53L1_RdByte                            0x00001bf9   Thumb Code    36  vl53l1_platform.o(i.VL53L1_RdByte)
    VL53L1_RdWord                            0x00001c1d   Thumb Code    56  vl53l1_platform.o(i.VL53L1_RdWord)
    VL53L1_WaitMs                            0x00001c55   Thumb Code    26  vl53l1_platform.o(i.VL53L1_WaitMs)
    VL53L1_WrByte                            0x00001c75   Thumb Code    30  vl53l1_platform.o(i.VL53L1_WrByte)
    __ARM_fpclassify                         0x00001c93   Thumb Code    48  fpclassify.o(i.__ARM_fpclassify)
    __hardfp_cos                             0x00001cc9   Thumb Code   180  cos.o(i.__hardfp_cos)
    __hardfp_sin                             0x00001d91   Thumb Code   180  sin.o(i.__hardfp_sin)
    __ieee754_rem_pio2                       0x00001e59   Thumb Code   938  rred.o(i.__ieee754_rem_pio2)
    __kernel_cos                             0x00002291   Thumb Code   322  cos_i.o(i.__kernel_cos)
    __kernel_poly                            0x00002401   Thumb Code   248  poly.o(i.__kernel_poly)
    __kernel_sin                             0x000024f9   Thumb Code   280  sin_i.o(i.__kernel_sin)
    __mathlib_dbl_infnan                     0x00002629   Thumb Code    20  dunder.o(i.__mathlib_dbl_infnan)
    __mathlib_dbl_invalid                    0x00002641   Thumb Code    24  dunder.o(i.__mathlib_dbl_invalid)
    __mathlib_dbl_underflow                  0x00002661   Thumb Code    24  dunder.o(i.__mathlib_dbl_underflow)
    beginRxI2C                               0x00002681   Thumb Code    24  vl53l1_platform.o(i.beginRxI2C)
    beginTxI2C                               0x0000269d   Thumb Code    24  vl53l1_platform.o(i.beginTxI2C)
    fabs                                     0x000026b9   Thumb Code    24  fabs.o(i.fabs)
    main                                     0x000026d1   Thumb Code   756  main.o(i.main)
    onboardLEDs_Init                         0x00002abd   Thumb Code   172  onboardleds.o(i.onboardLEDs_Init)
    readI2C                                  0x00002b81   Thumb Code    70  vl53l1_platform.o(i.readI2C)
    spin                                     0x00002bcd   Thumb Code    20  stepper.o(i.spin)
    writeI2C                                 0x00002be1   Thumb Code   154  vl53l1_platform.o(i.writeI2C)
    writeRegisterIndex                       0x00002c81   Thumb Code   132  vl53l1_platform.o(i.writeRegisterIndex)
    writeRegisterIndex_nostop                0x00002d09   Thumb Code   132  vl53l1_platform.o(i.writeRegisterIndex_nostop)
    _get_lc_numeric                          0x00002d91   Thumb Code    44  lc_numeric_c.o(locale$$code)
    __aeabi_dneg                             0x00002dbd   Thumb Code     0  basic.o(x$fpl$basic)
    _dneg                                    0x00002dbd   Thumb Code     6  basic.o(x$fpl$basic)
    __aeabi_fneg                             0x00002dc3   Thumb Code     0  basic.o(x$fpl$basic)
    _fneg                                    0x00002dc3   Thumb Code     6  basic.o(x$fpl$basic)
    _dabs                                    0x00002dc9   Thumb Code     6  basic.o(x$fpl$basic)
    _fabs                                    0x00002dcf   Thumb Code     6  basic.o(x$fpl$basic)
    __aeabi_d2f                              0x00002dd5   Thumb Code     0  d2f.o(x$fpl$d2f)
    _d2f                                     0x00002dd5   Thumb Code    98  d2f.o(x$fpl$d2f)
    __aeabi_dadd                             0x00002e39   Thumb Code     0  daddsub_clz.o(x$fpl$dadd)
    _dadd                                    0x00002e39   Thumb Code   332  daddsub_clz.o(x$fpl$dadd)
    __aeabi_ddiv                             0x00002f89   Thumb Code     0  ddiv.o(x$fpl$ddiv)
    _ddiv                                    0x00002f89   Thumb Code   552  ddiv.o(x$fpl$ddiv)
    __aeabi_d2iz                             0x00003239   Thumb Code     0  dfix.o(x$fpl$dfix)
    _dfix                                    0x00003239   Thumb Code    94  dfix.o(x$fpl$dfix)
    __aeabi_i2d                              0x00003297   Thumb Code     0  dflt_clz.o(x$fpl$dflt)
    _dflt                                    0x00003297   Thumb Code    46  dflt_clz.o(x$fpl$dflt)
    __aeabi_ui2d                             0x000032c5   Thumb Code     0  dflt_clz.o(x$fpl$dfltu)
    _dfltu                                   0x000032c5   Thumb Code    38  dflt_clz.o(x$fpl$dfltu)
    __aeabi_dmul                             0x000032ed   Thumb Code     0  dmul.o(x$fpl$dmul)
    _dmul                                    0x000032ed   Thumb Code   332  dmul.o(x$fpl$dmul)
    __fpl_dnaninf                            0x00003441   Thumb Code   156  dnaninf.o(x$fpl$dnaninf)
    __fpl_dretinf                            0x000034dd   Thumb Code    12  dretinf.o(x$fpl$dretinf)
    __aeabi_drsub                            0x000034e9   Thumb Code     0  daddsub_clz.o(x$fpl$drsb)
    _drsb                                    0x000034e9   Thumb Code    22  daddsub_clz.o(x$fpl$drsb)
    __aeabi_dsub                             0x00003501   Thumb Code     0  daddsub_clz.o(x$fpl$dsub)
    _dsub                                    0x00003501   Thumb Code   464  daddsub_clz.o(x$fpl$dsub)
    __aeabi_f2d                              0x000036d5   Thumb Code     0  f2d.o(x$fpl$f2d)
    _f2d                                     0x000036d5   Thumb Code    86  f2d.o(x$fpl$f2d)
    __fpl_fnaninf                            0x0000372b   Thumb Code   140  fnaninf.o(x$fpl$fnaninf)
    _fp_init                                 0x000037b7   Thumb Code    10  fpinit.o(x$fpl$fpinit)
    __fplib_config_fpu_vfp                   0x000037bf   Thumb Code     0  fpinit.o(x$fpl$fpinit)
    __fplib_config_pureend_doubles           0x000037bf   Thumb Code     0  fpinit.o(x$fpl$fpinit)
    __fpl_fretinf                            0x000037c1   Thumb Code    10  fretinf.o(x$fpl$fretinf)
    _printf_fp_dec                           0x000037cb   Thumb Code     4  printf1.o(x$fpl$printf1)
    VL51L1X_DEFAULT_CONFIGURATION            0x000037ce   Data          91  vl53l1x_api.o(.constdata)
    __I$use$fp                               0x000037ce   Number         0  usenofp.o(x$fpl$usenofp)
    Region$$Table$$Base                      0x00003a24   Number         0  anon$$obj.o(Region$$Table)
    Region$$Table$$Limit                     0x00003a44   Number         0  anon$$obj.o(Region$$Table)
    dev                                      0x20000000   Data           2  main.o(.data)
    status                                   0x20000004   Data           4  main.o(.data)
    IntCount                                 0x20000008   Data           4  main.o(.data)
    SystemCoreClock                          0x2000000c   Data           4  system_msp432e401y.o(.data)
    debugArray                               0x20000410   Data         200  main.o(.bss)
    __libspace_start                         0x200008d8   Data          96  libspace.o(.bss)
    __temporary_stack_top$libspace           0x20000938   Data           0  libspace.o(.bss)



==============================================================================

Memory Map of the image

  Image Entry point : 0x000002c1

  Load Region LR_1 (Base: 0x00000000, Size: 0x00003a70, Max: 0xffffffff, ABSOLUTE)

    Execution Region ER_RO (Exec base: 0x00000000, Load base: 0x00000000, Size: 0x00003a60, Max: 0xffffffff, ABSOLUTE)

    Exec Addr    Load Addr    Size         Type   Attr      Idx    E Section Name        Object

    0x00000000   0x00000000   0x000001fc   Data   RO          630    RESET               startup_msp432e401y_uvision.o
    0x000001fc   0x000001fc   0x00000008   Code   RO          751  * !!!main             c_w.l(__main.o)
    0x00000204   0x00000204   0x00000034   Code   RO         1072    !!!scatter          c_w.l(__scatter.o)
    0x00000238   0x00000238   0x0000001a   Code   RO         1074    !!handler_copy      c_w.l(__scatter_copy.o)
    0x00000252   0x00000252   0x00000002   PAD
    0x00000254   0x00000254   0x0000001c   Code   RO         1076    !!handler_zi        c_w.l(__scatter_zi.o)
    0x00000270   0x00000270   0x00000000   Code   RO          748    .ARM.Collect$$_printf_percent$$00000000  c_w.l(_printf_percent.o)
    0x00000270   0x00000270   0x00000006   Code   RO          747    .ARM.Collect$$_printf_percent$$00000003  c_w.l(_printf_f.o)
    0x00000276   0x00000276   0x00000006   Code   RO          746    .ARM.Collect$$_printf_percent$$00000009  c_w.l(_printf_d.o)
    0x0000027c   0x0000027c   0x00000006   Code   RO          745    .ARM.Collect$$_printf_percent$$0000000C  c_w.l(_printf_x.o)
    0x00000282   0x00000282   0x00000004   Code   RO          810    .ARM.Collect$$_printf_percent$$00000017  c_w.l(_printf_percent_end.o)
    0x00000286   0x00000286   0x00000002   Code   RO          945    .ARM.Collect$$libinit$$00000000  c_w.l(libinit.o)
    0x00000288   0x00000288   0x00000004   Code   RO          946    .ARM.Collect$$libinit$$00000001  c_w.l(libinit2.o)
    0x0000028c   0x0000028c   0x00000000   Code   RO          949    .ARM.Collect$$libinit$$00000004  c_w.l(libinit2.o)
    0x0000028c   0x0000028c   0x00000000   Code   RO          952    .ARM.Collect$$libinit$$0000000A  c_w.l(libinit2.o)
    0x0000028c   0x0000028c   0x00000000   Code   RO          954    .ARM.Collect$$libinit$$0000000C  c_w.l(libinit2.o)
    0x0000028c   0x0000028c   0x00000000   Code   RO          956    .ARM.Collect$$libinit$$0000000E  c_w.l(libinit2.o)
    0x0000028c   0x0000028c   0x00000006   Code   RO          957    .ARM.Collect$$libinit$$0000000F  c_w.l(libinit2.o)
    0x00000292   0x00000292   0x00000000   Code   RO          959    .ARM.Collect$$libinit$$00000011  c_w.l(libinit2.o)
    0x00000292   0x00000292   0x00000000   Code   RO          961    .ARM.Collect$$libinit$$00000013  c_w.l(libinit2.o)
    0x00000292   0x00000292   0x00000000   Code   RO          963    .ARM.Collect$$libinit$$00000015  c_w.l(libinit2.o)
    0x00000292   0x00000292   0x0000000a   Code   RO          964    .ARM.Collect$$libinit$$00000016  c_w.l(libinit2.o)
    0x0000029c   0x0000029c   0x00000000   Code   RO          965    .ARM.Collect$$libinit$$00000017  c_w.l(libinit2.o)
    0x0000029c   0x0000029c   0x00000000   Code   RO          967    .ARM.Collect$$libinit$$00000019  c_w.l(libinit2.o)
    0x0000029c   0x0000029c   0x00000000   Code   RO          969    .ARM.Collect$$libinit$$0000001B  c_w.l(libinit2.o)
    0x0000029c   0x0000029c   0x00000000   Code   RO          971    .ARM.Collect$$libinit$$0000001D  c_w.l(libinit2.o)
    0x0000029c   0x0000029c   0x00000000   Code   RO          973    .ARM.Collect$$libinit$$0000001F  c_w.l(libinit2.o)
    0x0000029c   0x0000029c   0x00000000   Code   RO          975    .ARM.Collect$$libinit$$00000021  c_w.l(libinit2.o)
    0x0000029c   0x0000029c   0x00000000   Code   RO          977    .ARM.Collect$$libinit$$00000023  c_w.l(libinit2.o)
    0x0000029c   0x0000029c   0x00000000   Code   RO          979    .ARM.Collect$$libinit$$00000025  c_w.l(libinit2.o)
    0x0000029c   0x0000029c   0x00000000   Code   RO          983    .ARM.Collect$$libinit$$0000002C  c_w.l(libinit2.o)
    0x0000029c   0x0000029c   0x00000000   Code   RO          985    .ARM.Collect$$libinit$$0000002E  c_w.l(libinit2.o)
    0x0000029c   0x0000029c   0x00000000   Code   RO          987    .ARM.Collect$$libinit$$00000030  c_w.l(libinit2.o)
    0x0000029c   0x0000029c   0x00000000   Code   RO          989    .ARM.Collect$$libinit$$00000032  c_w.l(libinit2.o)
    0x0000029c   0x0000029c   0x00000002   Code   RO          990    .ARM.Collect$$libinit$$00000033  c_w.l(libinit2.o)
    0x0000029e   0x0000029e   0x00000002   Code   RO         1020    .ARM.Collect$$libshutdown$$00000000  c_w.l(libshutdown.o)
    0x000002a0   0x000002a0   0x00000000   Code   RO         1031    .ARM.Collect$$libshutdown$$00000002  c_w.l(libshutdown2.o)
    0x000002a0   0x000002a0   0x00000000   Code   RO         1033    .ARM.Collect$$libshutdown$$00000004  c_w.l(libshutdown2.o)
    0x000002a0   0x000002a0   0x00000000   Code   RO         1036    .ARM.Collect$$libshutdown$$00000007  c_w.l(libshutdown2.o)
    0x000002a0   0x000002a0   0x00000000   Code   RO         1039    .ARM.Collect$$libshutdown$$0000000A  c_w.l(libshutdown2.o)
    0x000002a0   0x000002a0   0x00000000   Code   RO         1041    .ARM.Collect$$libshutdown$$0000000C  c_w.l(libshutdown2.o)
    0x000002a0   0x000002a0   0x00000000   Code   RO         1044    .ARM.Collect$$libshutdown$$0000000F  c_w.l(libshutdown2.o)
    0x000002a0   0x000002a0   0x00000002   Code   RO         1045    .ARM.Collect$$libshutdown$$00000010  c_w.l(libshutdown2.o)
    0x000002a2   0x000002a2   0x00000000   Code   RO          799    .ARM.Collect$$rtentry$$00000000  c_w.l(__rtentry.o)
    0x000002a2   0x000002a2   0x00000000   Code   RO          851    .ARM.Collect$$rtentry$$00000002  c_w.l(__rtentry2.o)
    0x000002a2   0x000002a2   0x00000006   Code   RO          863    .ARM.Collect$$rtentry$$00000004  c_w.l(__rtentry4.o)
    0x000002a8   0x000002a8   0x00000000   Code   RO          853    .ARM.Collect$$rtentry$$00000009  c_w.l(__rtentry2.o)
    0x000002a8   0x000002a8   0x00000004   Code   RO          854    .ARM.Collect$$rtentry$$0000000A  c_w.l(__rtentry2.o)
    0x000002ac   0x000002ac   0x00000000   Code   RO          856    .ARM.Collect$$rtentry$$0000000C  c_w.l(__rtentry2.o)
    0x000002ac   0x000002ac   0x00000008   Code   RO          857    .ARM.Collect$$rtentry$$0000000D  c_w.l(__rtentry2.o)
    0x000002b4   0x000002b4   0x00000002   Code   RO          991    .ARM.Collect$$rtexit$$00000000  c_w.l(rtexit.o)
    0x000002b6   0x000002b6   0x00000000   Code   RO          998    .ARM.Collect$$rtexit$$00000002  c_w.l(rtexit2.o)
    0x000002b6   0x000002b6   0x00000004   Code   RO          999    .ARM.Collect$$rtexit$$00000003  c_w.l(rtexit2.o)
    0x000002ba   0x000002ba   0x00000006   Code   RO         1000    .ARM.Collect$$rtexit$$00000004  c_w.l(rtexit2.o)
    0x000002c0   0x000002c0   0x0000003c   Code   RO          631  * .text               startup_msp432e401y_uvision.o
    0x000002fc   0x000002fc   0x00000028   Code   RO          698    .text               c_w.l(noretval__2sprintf.o)
    0x00000324   0x00000324   0x00000068   Code   RO          700    .text               c_w.l(__printf.o)
    0x0000038c   0x0000038c   0x00000078   Code   RO          702    .text               c_w.l(_printf_dec.o)
    0x00000404   0x00000404   0x00000058   Code   RO          707    .text               c_w.l(_printf_hex_int.o)
    0x0000045c   0x0000045c   0x00000006   Code   RO          749    .text               c_w.l(heapauxi.o)
    0x00000462   0x00000462   0x00000016   Code   RO          800    .text               c_w.l(_rserrno.o)
    0x00000478   0x00000478   0x000000b2   Code   RO          802    .text               c_w.l(_printf_intcommon.o)
    0x0000052a   0x0000052a   0x0000041e   Code   RO          804    .text               c_w.l(_printf_fp_dec.o)
    0x00000948   0x00000948   0x00000030   Code   RO          806    .text               c_w.l(_printf_char_common.o)
    0x00000978   0x00000978   0x0000000a   Code   RO          808    .text               c_w.l(_sputc.o)
    0x00000982   0x00000982   0x00000002   PAD
    0x00000984   0x00000984   0x00000008   Code   RO          868    .text               c_w.l(rt_locale_intlibspace.o)
    0x0000098c   0x0000098c   0x00000008   Code   RO          873    .text               c_w.l(rt_errno_addr_intlibspace.o)
    0x00000994   0x00000994   0x0000008a   Code   RO          875    .text               c_w.l(lludiv10.o)
    0x00000a1e   0x00000a1e   0x00000002   PAD
    0x00000a20   0x00000a20   0x00000080   Code   RO          877    .text               c_w.l(_printf_fp_infnan.o)
    0x00000aa0   0x00000aa0   0x000000e4   Code   RO          881    .text               c_w.l(bigflt0.o)
    0x00000b84   0x00000b84   0x00000008   Code   RO          931    .text               c_w.l(libspace.o)
    0x00000b8c   0x00000b8c   0x0000004a   Code   RO          934    .text               c_w.l(sys_stackheap_outer.o)
    0x00000bd6   0x00000bd6   0x00000012   Code   RO          936    .text               c_w.l(exit.o)
    0x00000be8   0x00000be8   0x00000080   Code   RO          938    .text               c_w.l(strcmpv7m.o)
    0x00000c68   0x00000c68   0x0000000c   Code   RO         1010    .text               c_w.l(sys_exit.o)
    0x00000c74   0x00000c74   0x00000002   Code   RO         1021    .text               c_w.l(use_no_semi.o)
    0x00000c76   0x00000c76   0x00000000   Code   RO         1023    .text               c_w.l(indicate_semi.o)
    0x00000c76   0x00000c76   0x0000003e   Code   RO          884    CL$$btod_d2e        c_w.l(btod.o)
    0x00000cb4   0x00000cb4   0x00000046   Code   RO          886    CL$$btod_d2e_denorm_low  c_w.l(btod.o)
    0x00000cfa   0x00000cfa   0x00000060   Code   RO          885    CL$$btod_d2e_norm_op1  c_w.l(btod.o)
    0x00000d5a   0x00000d5a   0x00000338   Code   RO          894    CL$$btod_div_common  c_w.l(btod.o)
    0x00001092   0x00001092   0x000000dc   Code   RO          891    CL$$btod_e2e        c_w.l(btod.o)
    0x0000116e   0x0000116e   0x0000002a   Code   RO          888    CL$$btod_ediv       c_w.l(btod.o)
    0x00001198   0x00001198   0x0000002a   Code   RO          887    CL$$btod_emul       c_w.l(btod.o)
    0x000011c2   0x000011c2   0x00000244   Code   RO          893    CL$$btod_mult_common  c_w.l(btod.o)
    0x00001406   0x00001406   0x00000002   PAD
    0x00001408   0x00001408   0x0000005c   Code   RO           85    i.FlashAllLEDs      onboardleds.o
    0x00001464   0x00001464   0x00000014   Code   RO           86    i.FlashI2CError     onboardleds.o
    0x00001478   0x00001478   0x0000000a   Code   RO           87    i.FlashI2CRx        onboardleds.o
    0x00001482   0x00001482   0x0000000a   Code   RO           88    i.FlashI2CTx        onboardleds.o
    0x0000148c   0x0000148c   0x00000048   Code   RO           90    i.FlashLED2         onboardleds.o
    0x000014d4   0x000014d4   0x0000008c   Code   RO            1    i.I2C_Init          main.o
    0x00001560   0x00001560   0x0000011c   Code   RO          145    i.PLL_Init          pll.o
    0x0000167c   0x0000167c   0x00000064   Code   RO          157    i.PortH_Init        stepper.o
    0x000016e0   0x000016e0   0x00000040   Code   RO            3    i.PortL_Init        main.o
    0x00001720   0x00001720   0x00000038   Code   RO            4    i.PortM_Init        main.o
    0x00001758   0x00001758   0x00000044   Code   RO          158    i.RotateCCW         stepper.o
    0x0000179c   0x0000179c   0x00000044   Code   RO          159    i.RotateCW          stepper.o
    0x000017e0   0x000017e0   0x00000058   Code   RO          211    i.Status_Check      uart.o
    0x00001838   0x00001838   0x00000018   Code   RO          187    i.SysTick_Init      systick.o
    0x00001850   0x00001850   0x00000020   Code   RO          188    i.SysTick_Wait      systick.o
    0x00001870   0x00001870   0x0000001c   Code   RO          189    i.SysTick_Wait10ms  systick.o
    0x0000188c   0x0000188c   0x00000020   Code   RO          640    i.SystemInit        system_msp432e401y.o
    0x000018ac   0x000018ac   0x000000cc   Code   RO          213    i.UART_Init         uart.o
    0x00001978   0x00001978   0x00000018   Code   RO          214    i.UART_OutChar      uart.o
    0x00001990   0x00001990   0x00000018   Code   RO          215    i.UART_printf       uart.o
    0x000019a8   0x000019a8   0x00000022   Code   RO          253    i.VL53L1X_BootState  vl53l1x_api.o
    0x000019ca   0x000019ca   0x0000003e   Code   RO          254    i.VL53L1X_CheckForDataReady  vl53l1x_api.o
    0x00001a08   0x00001a08   0x00000016   Code   RO          255    i.VL53L1X_ClearInterrupt  vl53l1x_api.o
    0x00001a1e   0x00001a1e   0x0000001e   Code   RO          258    i.VL53L1X_GetDistance  vl53l1x_api.o
    0x00001a3c   0x00001a3c   0x00000032   Code   RO          264    i.VL53L1X_GetInterruptPolarity  vl53l1x_api.o
    0x00001a6e   0x00001a6e   0x00000002   PAD
    0x00001a70   0x00001a70   0x0000003c   Code   RO          268    i.VL53L1X_GetRangeStatus  vl53l1x_api.o
    0x00001aac   0x00001aac   0x00000024   Code   RO          271    i.VL53L1X_GetSensorId  vl53l1x_api.o
    0x00001ad0   0x00001ad0   0x000000fc   Code   RO          279    i.VL53L1X_SensorInit  vl53l1x_api.o
    0x00001bcc   0x00001bcc   0x00000016   Code   RO          292    i.VL53L1X_StartRanging  vl53l1x_api.o
    0x00001be2   0x00001be2   0x00000016   Code   RO          294    i.VL53L1X_StopRanging  vl53l1x_api.o
    0x00001bf8   0x00001bf8   0x00000024   Code   RO          522    i.VL53L1_RdByte     vl53l1_platform.o
    0x00001c1c   0x00001c1c   0x00000038   Code   RO          524    i.VL53L1_RdWord     vl53l1_platform.o
    0x00001c54   0x00001c54   0x00000020   Code   RO          526    i.VL53L1_WaitMs     vl53l1_platform.o
    0x00001c74   0x00001c74   0x0000001e   Code   RO          527    i.VL53L1_WrByte     vl53l1_platform.o
    0x00001c92   0x00001c92   0x00000030   Code   RO          927    i.__ARM_fpclassify  m_wm.l(fpclassify.o)
    0x00001cc2   0x00001cc2   0x00000006   PAD
    0x00001cc8   0x00001cc8   0x000000c8   Code   RO          775    i.__hardfp_cos      m_wm.l(cos.o)
    0x00001d90   0x00001d90   0x000000c8   Code   RO          787    i.__hardfp_sin      m_wm.l(sin.o)
    0x00001e58   0x00001e58   0x00000438   Code   RO          839    i.__ieee754_rem_pio2  m_wm.l(rred.o)
    0x00002290   0x00002290   0x00000170   Code   RO          822    i.__kernel_cos      m_wm.l(cos_i.o)
    0x00002400   0x00002400   0x000000f8   Code   RO          929    i.__kernel_poly     m_wm.l(poly.o)
    0x000024f8   0x000024f8   0x00000130   Code   RO          844    i.__kernel_sin      m_wm.l(sin_i.o)
    0x00002628   0x00002628   0x00000014   Code   RO          826    i.__mathlib_dbl_infnan  m_wm.l(dunder.o)
    0x0000263c   0x0000263c   0x00000004   PAD
    0x00002640   0x00002640   0x00000020   Code   RO          828    i.__mathlib_dbl_invalid  m_wm.l(dunder.o)
    0x00002660   0x00002660   0x00000020   Code   RO          831    i.__mathlib_dbl_underflow  m_wm.l(dunder.o)
    0x00002680   0x00002680   0x0000001c   Code   RO          531    i.beginRxI2C        vl53l1_platform.o
    0x0000269c   0x0000269c   0x0000001c   Code   RO          532    i.beginTxI2C        vl53l1_platform.o
    0x000026b8   0x000026b8   0x00000018   Code   RO          923    i.fabs              m_wm.l(fabs.o)
    0x000026d0   0x000026d0   0x000003ec   Code   RO            6    i.main              main.o
    0x00002abc   0x00002abc   0x000000c4   Code   RO           93    i.onboardLEDs_Init  onboardleds.o
    0x00002b80   0x00002b80   0x0000004c   Code   RO          533    i.readI2C           vl53l1_platform.o
    0x00002bcc   0x00002bcc   0x00000014   Code   RO          160    i.spin              stepper.o
    0x00002be0   0x00002be0   0x000000a0   Code   RO          534    i.writeI2C          vl53l1_platform.o
    0x00002c80   0x00002c80   0x00000088   Code   RO          535    i.writeRegisterIndex  vl53l1_platform.o
    0x00002d08   0x00002d08   0x00000088   Code   RO          536    i.writeRegisterIndex_nostop  vl53l1_platform.o
    0x00002d90   0x00002d90   0x0000002c   Code   RO          907    locale$$code        c_w.l(lc_numeric_c.o)
    0x00002dbc   0x00002dbc   0x00000018   Code   RO          811    x$fpl$basic         fz_wm.l(basic.o)
    0x00002dd4   0x00002dd4   0x00000062   Code   RO          753    x$fpl$d2f           fz_wm.l(d2f.o)
    0x00002e36   0x00002e36   0x00000002   PAD
    0x00002e38   0x00002e38   0x00000150   Code   RO          909    x$fpl$dadd          fz_wm.l(daddsub_clz.o)
    0x00002f88   0x00002f88   0x000002b0   Code   RO          756    x$fpl$ddiv          fz_wm.l(ddiv.o)
    0x00003238   0x00003238   0x0000005e   Code   RO          915    x$fpl$dfix          fz_wm.l(dfix.o)
    0x00003296   0x00003296   0x0000002e   Code   RO          764    x$fpl$dflt          fz_wm.l(dflt_clz.o)
    0x000032c4   0x000032c4   0x00000026   Code   RO          763    x$fpl$dfltu         fz_wm.l(dflt_clz.o)
    0x000032ea   0x000032ea   0x00000002   PAD
    0x000032ec   0x000032ec   0x00000154   Code   RO          769    x$fpl$dmul          fz_wm.l(dmul.o)
    0x00003440   0x00003440   0x0000009c   Code   RO          813    x$fpl$dnaninf       fz_wm.l(dnaninf.o)
    0x000034dc   0x000034dc   0x0000000c   Code   RO          815    x$fpl$dretinf       fz_wm.l(dretinf.o)
    0x000034e8   0x000034e8   0x00000016   Code   RO          910    x$fpl$drsb          fz_wm.l(daddsub_clz.o)
    0x000034fe   0x000034fe   0x00000002   PAD
    0x00003500   0x00003500   0x000001d4   Code   RO          911    x$fpl$dsub          fz_wm.l(daddsub_clz.o)
    0x000036d4   0x000036d4   0x00000056   Code   RO          771    x$fpl$f2d           fz_wm.l(f2d.o)
    0x0000372a   0x0000372a   0x0000008c   Code   RO          817    x$fpl$fnaninf       fz_wm.l(fnaninf.o)
    0x000037b6   0x000037b6   0x0000000a   Code   RO          995    x$fpl$fpinit        fz_wm.l(fpinit.o)
    0x000037c0   0x000037c0   0x0000000a   Code   RO          819    x$fpl$fretinf       fz_wm.l(fretinf.o)
    0x000037ca   0x000037ca   0x00000004   Code   RO          773    x$fpl$printf1       fz_wm.l(printf1.o)
    0x000037ce   0x000037ce   0x00000000   Code   RO          821    x$fpl$usenofp       fz_wm.l(usenofp.o)
    0x000037ce   0x000037ce   0x00000073   Data   RO          296    .constdata          vl53l1x_api.o
    0x00003841   0x00003841   0x00000028   Data   RO          708    .constdata          c_w.l(_printf_hex_int.o)
    0x00003869   0x00003869   0x00000007   PAD
    0x00003870   0x00003870   0x00000030   Data   RO          823    .constdata          m_wm.l(cos_i.o)
    0x000038a0   0x000038a0   0x000000c8   Data   RO          841    .constdata          m_wm.l(rred.o)
    0x00003968   0x00003968   0x00000028   Data   RO          845    .constdata          m_wm.l(sin_i.o)
    0x00003990   0x00003990   0x00000094   Data   RO          882    .constdata          c_w.l(bigflt0.o)
    0x00003a24   0x00003a24   0x00000020   Data   RO         1070    Region$$Table       anon$$obj.o
    0x00003a44   0x00003a44   0x0000001c   Data   RO          906    locale$$data        c_w.l(lc_numeric_c.o)


    Execution Region ER_RW (Exec base: 0x20000000, Load base: 0x00003a60, Size: 0x00000010, Max: 0xffffffff, ABSOLUTE)

    Exec Addr    Load Addr    Size         Type   Attr      Idx    E Section Name        Object

    0x20000000   0x00003a60   0x0000000c   Data   RW            8    .data               main.o
    0x2000000c   0x00003a6c   0x00000004   Data   RW          641    .data               system_msp432e401y.o


    Execution Region ER_ZI (Exec base: 0x20000010, Load base: 0x00003a70, Size: 0x00000b28, Max: 0xffffffff, ABSOLUTE)

    Exec Addr    Load Addr    Size         Type   Attr      Idx    E Section Name        Object

    0x20000010        -       0x000004c8   Zero   RW            7    .bss                main.o
    0x200004d8        -       0x000003ff   Zero   RW          216    .bss                uart.o
    0x200008d7   0x00003a70   0x00000001   PAD
    0x200008d8        -       0x00000060   Zero   RW          932    .bss                c_w.l(libspace.o)
    0x20000938        -       0x00000000   Zero   RW          629    HEAP                startup_msp432e401y_uvision.o
    0x20000938        -       0x00000200   Zero   RW          628    STACK               startup_msp432e401y_uvision.o


==============================================================================

Image component sizes


      Code (inc. data)   RO Data    RW Data    ZI Data      Debug   Object Name

      1264        308          0         12       1224       8633   main.o
       400         48          0          0          0       3260   onboardleds.o
       284         12          0          0          0        587   pll.o
        60         22        508          0        512       1004   startup_msp432e401y_uvision.o
       256         40          0          0          0       2087   stepper.o
        32         12          0          4          0        839   system_msp432e401y.o
        84          6          0          0          0       2429   systick.o
       340         78          0          0       1023       2464   uart.o
       718         34          0          0          0       7552   vl53l1_platform.o
       590         82        115          0          0      10139   vl53l1x_api.o

    ----------------------------------------------------------------------
      4030        642        655         16       2760      38994   Object Totals
         0          0         32          0          0          0   (incl. Generated)
         2          0          0          0          1          0   (incl. Padding)

    ----------------------------------------------------------------------

      Code (inc. data)   RO Data    RW Data    ZI Data      Debug   Library Member Name

         8          0          0          0          0         68   __main.o
       104          0          0          0          0         84   __printf.o
         0          0          0          0          0          0   __rtentry.o
        12          0          0          0          0          0   __rtentry2.o
         6          0          0          0          0          0   __rtentry4.o
        52          8          0          0          0          0   __scatter.o
        26          0          0          0          0          0   __scatter_copy.o
        28          0          0          0          0          0   __scatter_zi.o
        48          6          0          0          0         96   _printf_char_common.o
         6          0          0          0          0          0   _printf_d.o
       120         16          0          0          0         92   _printf_dec.o
         6          0          0          0          0          0   _printf_f.o
      1054          0          0          0          0        216   _printf_fp_dec.o
       128         16          0          0          0         84   _printf_fp_infnan.o
        88          4         40          0          0         88   _printf_hex_int.o
       178          0          0          0          0         88   _printf_intcommon.o
         0          0          0          0          0          0   _printf_percent.o
         4          0          0          0          0          0   _printf_percent_end.o
         6          0          0          0          0          0   _printf_x.o
        22          0          0          0          0        100   _rserrno.o
        10          0          0          0          0         68   _sputc.o
       228          4        148          0          0         96   bigflt0.o
      1936        128          0          0          0        672   btod.o
        18          0          0          0          0         80   exit.o
         6          0          0          0          0        152   heapauxi.o
         0          0          0          0          0          0   indicate_semi.o
        44         10         28          0          0         76   lc_numeric_c.o
         2          0          0          0          0          0   libinit.o
        22          0          0          0          0          0   libinit2.o
         2          0          0          0          0          0   libshutdown.o
         2          0          0          0          0          0   libshutdown2.o
         8          4          0          0         96         68   libspace.o
       138          0          0          0          0         80   lludiv10.o
        40          6          0          0          0         84   noretval__2sprintf.o
         8          4          0          0          0         68   rt_errno_addr_intlibspace.o
         8          4          0          0          0         68   rt_locale_intlibspace.o
         2          0          0          0          0          0   rtexit.o
        10          0          0          0          0          0   rtexit2.o
       128          0          0          0          0         68   strcmpv7m.o
        12          4          0          0          0         68   sys_exit.o
        74          0          0          0          0         80   sys_stackheap_outer.o
         2          0          0          0          0         68   use_no_semi.o
        24          0          0          0          0        164   basic.o
        98          4          0          0          0        140   d2f.o
       826         16          0          0          0        492   daddsub_clz.o
       688        140          0          0          0        256   ddiv.o
        94          4          0          0          0        140   dfix.o
        84          0          0          0          0        232   dflt_clz.o
       340         12          0          0          0        152   dmul.o
       156          4          0          0          0        140   dnaninf.o
        12          0          0          0          0        116   dretinf.o
        86          4          0          0          0        132   f2d.o
       140          4          0          0          0        132   fnaninf.o
        10          0          0          0          0        116   fpinit.o
        10          0          0          0          0        116   fretinf.o
         4          0          0          0          0        116   printf1.o
         0          0          0          0          0          0   usenofp.o
       200         20          0          0          0        164   cos.o
       368         46         48          0          0        200   cos_i.o
        84         16          0          0          0        372   dunder.o
        24          0          0          0          0        124   fabs.o
        48          0          0          0          0        124   fpclassify.o
       248          0          0          0          0        152   poly.o
      1080        142        200          0          0        188   rred.o
       200         20          0          0          0        164   sin.o
       304         24         40          0          0        208   sin_i.o

    ----------------------------------------------------------------------
      9748        670        511          0         96       6852   Library Totals
        24          0          7          0          0          0   (incl. Padding)

    ----------------------------------------------------------------------

      Code (inc. data)   RO Data    RW Data    ZI Data      Debug   Library Name

      4596        214        216          0         96       2712   c_w.l
      2572        188          0          0          0       2444   fz_wm.l
      2556        268        288          0          0       1696   m_wm.l

    ----------------------------------------------------------------------
      9748        670        511          0         96       6852   Library Totals

    ----------------------------------------------------------------------

==============================================================================


      Code (inc. data)   RO Data    RW Data    ZI Data      Debug   

     13778       1312       1166         16       2856      37790   Grand Totals
     13778       1312       1166         16       2856      37790   ELF Image Totals
     13778       1312       1166         16          0          0   ROM Totals

==============================================================================

    Total RO  Size (Code + RO Data)                14944 (  14.59kB)
    Total RW  Size (RW Data + ZI Data)              2872 (   2.80kB)
    Total ROM Size (Code + RO Data + RW Data)      14960 (  14.61kB)

==============================================================================

